<?xml version="1.0" encoding="ISO-8859-1" ?>
<link_info>
   <banner>TI ARM Linker Unix v20.2.6.LTS</banner>
   <copyright>Copyright (c) 1996-2018 Texas Instruments Incorporated</copyright>
   <link_time>0x6404af60</link_time>
   <link_errors>0x0</link_errors>
   <output_file>http.out</output_file>
   <entry_point>
      <name>_c_int00_noargs</name>
      <address>0xbe49</address>
   </entry_point>
   <input_file_list>
      <input_file id="fl-2">
         <path>./</path>
         <kind>object</kind>
         <file>main.obj</file>
         <name>main.obj</name>
      </input_file>
      <input_file id="fl-3">
         <path>./</path>
         <kind>object</kind>
         <file>startup_msp432p401r_ccs.obj</file>
         <name>startup_msp432p401r_ccs.obj</name>
      </input_file>
      <input_file id="fl-4">
         <path>./</path>
         <kind>object</kind>
         <file>system_msp432p401r.obj</file>
         <name>system_msp432p401r.obj</name>
      </input_file>
      <input_file id="fl-5">
         <path>./board/</path>
         <kind>object</kind>
         <file>board.obj</file>
         <name>board.obj</name>
      </input_file>
      <input_file id="fl-6">
         <path>./cli_uart/</path>
         <kind>object</kind>
         <file>cli_uart.obj</file>
         <name>cli_uart.obj</name>
      </input_file>
      <input_file id="fl-7">
         <path>./driverlib/MSP432P4xx/</path>
         <kind>object</kind>
         <file>adc14.obj</file>
         <name>adc14.obj</name>
      </input_file>
      <input_file id="fl-8">
         <path>./driverlib/MSP432P4xx/</path>
         <kind>object</kind>
         <file>aes256.obj</file>
         <name>aes256.obj</name>
      </input_file>
      <input_file id="fl-9">
         <path>./driverlib/MSP432P4xx/</path>
         <kind>object</kind>
         <file>comp_e.obj</file>
         <name>comp_e.obj</name>
      </input_file>
      <input_file id="fl-a">
         <path>./driverlib/MSP432P4xx/</path>
         <kind>object</kind>
         <file>cpu.obj</file>
         <name>cpu.obj</name>
      </input_file>
      <input_file id="fl-b">
         <path>./driverlib/MSP432P4xx/</path>
         <kind>object</kind>
         <file>crc32.obj</file>
         <name>crc32.obj</name>
      </input_file>
      <input_file id="fl-c">
         <path>./driverlib/MSP432P4xx/</path>
         <kind>object</kind>
         <file>cs.obj</file>
         <name>cs.obj</name>
      </input_file>
      <input_file id="fl-d">
         <path>./driverlib/MSP432P4xx/</path>
         <kind>object</kind>
         <file>dma.obj</file>
         <name>dma.obj</name>
      </input_file>
      <input_file id="fl-e">
         <path>./driverlib/MSP432P4xx/</path>
         <kind>object</kind>
         <file>flash.obj</file>
         <name>flash.obj</name>
      </input_file>
      <input_file id="fl-f">
         <path>./driverlib/MSP432P4xx/</path>
         <kind>object</kind>
         <file>fpu.obj</file>
         <name>fpu.obj</name>
      </input_file>
      <input_file id="fl-10">
         <path>./driverlib/MSP432P4xx/</path>
         <kind>object</kind>
         <file>gpio.obj</file>
         <name>gpio.obj</name>
      </input_file>
      <input_file id="fl-11">
         <path>./driverlib/MSP432P4xx/</path>
         <kind>object</kind>
         <file>i2c.obj</file>
         <name>i2c.obj</name>
      </input_file>
      <input_file id="fl-12">
         <path>./driverlib/MSP432P4xx/</path>
         <kind>object</kind>
         <file>interrupt.obj</file>
         <name>interrupt.obj</name>
      </input_file>
      <input_file id="fl-13">
         <path>./driverlib/MSP432P4xx/</path>
         <kind>object</kind>
         <file>mpu.obj</file>
         <name>mpu.obj</name>
      </input_file>
      <input_file id="fl-14">
         <path>./driverlib/MSP432P4xx/</path>
         <kind>object</kind>
         <file>pcm.obj</file>
         <name>pcm.obj</name>
      </input_file>
      <input_file id="fl-15">
         <path>./driverlib/MSP432P4xx/</path>
         <kind>object</kind>
         <file>pmap.obj</file>
         <name>pmap.obj</name>
      </input_file>
      <input_file id="fl-16">
         <path>./driverlib/MSP432P4xx/</path>
         <kind>object</kind>
         <file>pss.obj</file>
         <name>pss.obj</name>
      </input_file>
      <input_file id="fl-17">
         <path>./driverlib/MSP432P4xx/</path>
         <kind>object</kind>
         <file>ref_a.obj</file>
         <name>ref_a.obj</name>
      </input_file>
      <input_file id="fl-18">
         <path>./driverlib/MSP432P4xx/</path>
         <kind>object</kind>
         <file>reset.obj</file>
         <name>reset.obj</name>
      </input_file>
      <input_file id="fl-19">
         <path>./driverlib/MSP432P4xx/</path>
         <kind>object</kind>
         <file>rtc_c.obj</file>
         <name>rtc_c.obj</name>
      </input_file>
      <input_file id="fl-1a">
         <path>./driverlib/MSP432P4xx/</path>
         <kind>object</kind>
         <file>spi.obj</file>
         <name>spi.obj</name>
      </input_file>
      <input_file id="fl-1b">
         <path>./driverlib/MSP432P4xx/</path>
         <kind>object</kind>
         <file>sysctl.obj</file>
         <name>sysctl.obj</name>
      </input_file>
      <input_file id="fl-1c">
         <path>./driverlib/MSP432P4xx/</path>
         <kind>object</kind>
         <file>systick.obj</file>
         <name>systick.obj</name>
      </input_file>
      <input_file id="fl-1d">
         <path>./driverlib/MSP432P4xx/</path>
         <kind>object</kind>
         <file>timer32.obj</file>
         <name>timer32.obj</name>
      </input_file>
      <input_file id="fl-1e">
         <path>./driverlib/MSP432P4xx/</path>
         <kind>object</kind>
         <file>timer_a.obj</file>
         <name>timer_a.obj</name>
      </input_file>
      <input_file id="fl-1f">
         <path>./driverlib/MSP432P4xx/</path>
         <kind>object</kind>
         <file>uart.obj</file>
         <name>uart.obj</name>
      </input_file>
      <input_file id="fl-20">
         <path>./driverlib/MSP432P4xx/</path>
         <kind>object</kind>
         <file>wdt_a.obj</file>
         <name>wdt_a.obj</name>
      </input_file>
      <input_file id="fl-21">
         <path>./net/bsd/</path>
         <kind>object</kind>
         <file>errnoutil.obj</file>
         <name>errnoutil.obj</name>
      </input_file>
      <input_file id="fl-22">
         <path>./net/bsd/</path>
         <kind>object</kind>
         <file>netdb.obj</file>
         <name>netdb.obj</name>
      </input_file>
      <input_file id="fl-23">
         <path>./net/bsd/</path>
         <kind>object</kind>
         <file>socket.obj</file>
         <name>socket.obj</name>
      </input_file>
      <input_file id="fl-24">
         <path>./net/</path>
         <kind>object</kind>
         <file>slnetif.obj</file>
         <name>slnetif.obj</name>
      </input_file>
      <input_file id="fl-25">
         <path>./net/</path>
         <kind>object</kind>
         <file>slnetsock.obj</file>
         <name>slnetsock.obj</name>
      </input_file>
      <input_file id="fl-26">
         <path>./net/</path>
         <kind>object</kind>
         <file>slnetutils.obj</file>
         <name>slnetutils.obj</name>
      </input_file>
      <input_file id="fl-27">
         <path>./simplelink/source/</path>
         <kind>object</kind>
         <file>device.obj</file>
         <name>device.obj</name>
      </input_file>
      <input_file id="fl-28">
         <path>./simplelink/source/</path>
         <kind>object</kind>
         <file>driver.obj</file>
         <name>driver.obj</name>
      </input_file>
      <input_file id="fl-29">
         <path>./simplelink/source/</path>
         <kind>object</kind>
         <file>flowcont.obj</file>
         <name>flowcont.obj</name>
      </input_file>
      <input_file id="fl-2a">
         <path>./simplelink/source/</path>
         <kind>object</kind>
         <file>fs.obj</file>
         <name>fs.obj</name>
      </input_file>
      <input_file id="fl-2b">
         <path>./simplelink/source/</path>
         <kind>object</kind>
         <file>netapp.obj</file>
         <name>netapp.obj</name>
      </input_file>
      <input_file id="fl-2c">
         <path>./simplelink/source/</path>
         <kind>object</kind>
         <file>netcfg.obj</file>
         <name>netcfg.obj</name>
      </input_file>
      <input_file id="fl-2d">
         <path>./simplelink/source/</path>
         <kind>object</kind>
         <file>nonos.obj</file>
         <name>nonos.obj</name>
      </input_file>
      <input_file id="fl-2e">
         <path>./simplelink/source/</path>
         <kind>object</kind>
         <file>socket.obj</file>
         <name>socket.obj</name>
      </input_file>
      <input_file id="fl-2f">
         <path>./simplelink/source/</path>
         <kind>object</kind>
         <file>spawn.obj</file>
         <name>spawn.obj</name>
      </input_file>
      <input_file id="fl-30">
         <path>./simplelink/source/</path>
         <kind>object</kind>
         <file>wlan.obj</file>
         <name>wlan.obj</name>
      </input_file>
      <input_file id="fl-31">
         <path>./spi_cc3100/</path>
         <kind>object</kind>
         <file>spi_cc3100.obj</file>
         <name>spi_cc3100.obj</name>
      </input_file>
      <input_file id="fl-32">
         <path>./uart_cc3100/</path>
         <kind>object</kind>
         <file>uart_cc3100.obj</file>
         <name>uart_cc3100.obj</name>
      </input_file>
      <input_file id="fl-36">
         <kind>object</kind>
         <file>&lt;internal&gt;</file>
         <name>&lt;internal&gt;</name>
      </input_file>
      <input_file id="fl-ec">
         <path>/Applications/ti/ccs1200/ccs/tools/compiler/ti-cgt-arm_20.2.6.LTS/lib/</path>
         <kind>archive</kind>
         <file>rtsv7M4_T_le_v4SPD16_eabi.lib</file>
         <name>sprintf.c.obj</name>
      </input_file>
      <input_file id="fl-ed">
         <path>/Applications/ti/ccs1200/ccs/tools/compiler/ti-cgt-arm_20.2.6.LTS/lib/</path>
         <kind>archive</kind>
         <file>rtsv7M4_T_le_v4SPD16_eabi.lib</file>
         <name>memcpy_t2.asm.obj</name>
      </input_file>
      <input_file id="fl-ee">
         <path>/Applications/ti/ccs1200/ccs/tools/compiler/ti-cgt-arm_20.2.6.LTS/lib/</path>
         <kind>archive</kind>
         <file>rtsv7M4_T_le_v4SPD16_eabi.lib</file>
         <name>memset_t2.asm.obj</name>
      </input_file>
      <input_file id="fl-ef">
         <path>/Applications/ti/ccs1200/ccs/tools/compiler/ti-cgt-arm_20.2.6.LTS/lib/</path>
         <kind>archive</kind>
         <file>rtsv7M4_T_le_v4SPD16_eabi.lib</file>
         <name>copy_zero_init.c.obj</name>
      </input_file>
      <input_file id="fl-f0">
         <path>/Applications/ti/ccs1200/ccs/tools/compiler/ti-cgt-arm_20.2.6.LTS/lib/</path>
         <kind>archive</kind>
         <file>rtsv7M4_T_le_v4SPD16_eabi.lib</file>
         <name>copy_decompress_none.c.obj</name>
      </input_file>
      <input_file id="fl-f1">
         <path>/Applications/ti/ccs1200/ccs/tools/compiler/ti-cgt-arm_20.2.6.LTS/lib/</path>
         <kind>archive</kind>
         <file>rtsv7M4_T_le_v4SPD16_eabi.lib</file>
         <name>copy_decompress_lzss.c.obj</name>
      </input_file>
      <input_file id="fl-f2">
         <path>/Applications/ti/ccs1200/ccs/tools/compiler/ti-cgt-arm_20.2.6.LTS/lib/</path>
         <kind>archive</kind>
         <file>rtsv7M4_T_le_v4SPD16_eabi.lib</file>
         <name>exit.c.obj</name>
      </input_file>
      <input_file id="fl-f3">
         <path>/Applications/ti/ccs1200/ccs/tools/compiler/ti-cgt-arm_20.2.6.LTS/lib/</path>
         <kind>archive</kind>
         <file>rtsv7M4_T_le_v4SPD16_eabi.lib</file>
         <name>_lock.c.obj</name>
      </input_file>
      <input_file id="fl-f4">
         <path>/Applications/ti/ccs1200/ccs/tools/compiler/ti-cgt-arm_20.2.6.LTS/lib/</path>
         <kind>archive</kind>
         <file>rtsv7M4_T_le_v4SPD16_eabi.lib</file>
         <name>atoi.c.obj</name>
      </input_file>
      <input_file id="fl-f5">
         <path>/Applications/ti/ccs1200/ccs/tools/compiler/ti-cgt-arm_20.2.6.LTS/lib/</path>
         <kind>archive</kind>
         <file>rtsv7M4_T_le_v4SPD16_eabi.lib</file>
         <name>bzero.c.obj</name>
      </input_file>
      <input_file id="fl-f6">
         <path>/Applications/ti/ccs1200/ccs/tools/compiler/ti-cgt-arm_20.2.6.LTS/lib/</path>
         <kind>archive</kind>
         <file>rtsv7M4_T_le_v4SPD16_eabi.lib</file>
         <name>ctype.c.obj</name>
      </input_file>
      <input_file id="fl-f7">
         <path>/Applications/ti/ccs1200/ccs/tools/compiler/ti-cgt-arm_20.2.6.LTS/lib/</path>
         <kind>archive</kind>
         <file>rtsv7M4_T_le_v4SPD16_eabi.lib</file>
         <name>memory.c.obj</name>
      </input_file>
      <input_file id="fl-f8">
         <path>/Applications/ti/ccs1200/ccs/tools/compiler/ti-cgt-arm_20.2.6.LTS/lib/</path>
         <kind>archive</kind>
         <file>rtsv7M4_T_le_v4SPD16_eabi.lib</file>
         <name>strcat.c.obj</name>
      </input_file>
      <input_file id="fl-f9">
         <path>/Applications/ti/ccs1200/ccs/tools/compiler/ti-cgt-arm_20.2.6.LTS/lib/</path>
         <kind>archive</kind>
         <file>rtsv7M4_T_le_v4SPD16_eabi.lib</file>
         <name>strchr.c.obj</name>
      </input_file>
      <input_file id="fl-fa">
         <path>/Applications/ti/ccs1200/ccs/tools/compiler/ti-cgt-arm_20.2.6.LTS/lib/</path>
         <kind>archive</kind>
         <file>rtsv7M4_T_le_v4SPD16_eabi.lib</file>
         <name>strcmp.c.obj</name>
      </input_file>
      <input_file id="fl-fb">
         <path>/Applications/ti/ccs1200/ccs/tools/compiler/ti-cgt-arm_20.2.6.LTS/lib/</path>
         <kind>archive</kind>
         <file>rtsv7M4_T_le_v4SPD16_eabi.lib</file>
         <name>strcpy.c.obj</name>
      </input_file>
      <input_file id="fl-fc">
         <path>/Applications/ti/ccs1200/ccs/tools/compiler/ti-cgt-arm_20.2.6.LTS/lib/</path>
         <kind>archive</kind>
         <file>rtsv7M4_T_le_v4SPD16_eabi.lib</file>
         <name>strlen.c.obj</name>
      </input_file>
      <input_file id="fl-fd">
         <path>/Applications/ti/ccs1200/ccs/tools/compiler/ti-cgt-arm_20.2.6.LTS/lib/</path>
         <kind>archive</kind>
         <file>rtsv7M4_T_le_v4SPD16_eabi.lib</file>
         <name>strtoul.c.obj</name>
      </input_file>
      <input_file id="fl-fe">
         <path>/Applications/ti/ccs1200/ccs/tools/compiler/ti-cgt-arm_20.2.6.LTS/lib/</path>
         <kind>archive</kind>
         <file>rtsv7M4_T_le_v4SPD16_eabi.lib</file>
         <name>errno.c.obj</name>
      </input_file>
      <input_file id="fl-ff">
         <path>/Applications/ti/ccs1200/ccs/tools/compiler/ti-cgt-arm_20.2.6.LTS/lib/</path>
         <kind>archive</kind>
         <file>rtsv7M4_T_le_v4SPD16_eabi.lib</file>
         <name>boot_cortex_m.c.obj</name>
      </input_file>
      <input_file id="fl-100">
         <path>/Applications/ti/ccs1200/ccs/tools/compiler/ti-cgt-arm_20.2.6.LTS/lib/</path>
         <kind>archive</kind>
         <file>rtsv7M4_T_le_v4SPD16_eabi.lib</file>
         <name>_printfi.c.obj</name>
      </input_file>
      <input_file id="fl-101">
         <path>/Applications/ti/ccs1200/ccs/tools/compiler/ti-cgt-arm_20.2.6.LTS/lib/</path>
         <kind>archive</kind>
         <file>rtsv7M4_T_le_v4SPD16_eabi.lib</file>
         <name>fd_add_t2.asm.obj</name>
      </input_file>
      <input_file id="fl-102">
         <path>/Applications/ti/ccs1200/ccs/tools/compiler/ti-cgt-arm_20.2.6.LTS/lib/</path>
         <kind>archive</kind>
         <file>rtsv7M4_T_le_v4SPD16_eabi.lib</file>
         <name>fd_cmp_t2.asm.obj</name>
      </input_file>
      <input_file id="fl-103">
         <path>/Applications/ti/ccs1200/ccs/tools/compiler/ti-cgt-arm_20.2.6.LTS/lib/</path>
         <kind>archive</kind>
         <file>rtsv7M4_T_le_v4SPD16_eabi.lib</file>
         <name>fd_div_t2.asm.obj</name>
      </input_file>
      <input_file id="fl-104">
         <path>/Applications/ti/ccs1200/ccs/tools/compiler/ti-cgt-arm_20.2.6.LTS/lib/</path>
         <kind>archive</kind>
         <file>rtsv7M4_T_le_v4SPD16_eabi.lib</file>
         <name>fd_mul_t2.asm.obj</name>
      </input_file>
      <input_file id="fl-105">
         <path>/Applications/ti/ccs1200/ccs/tools/compiler/ti-cgt-arm_20.2.6.LTS/lib/</path>
         <kind>archive</kind>
         <file>rtsv7M4_T_le_v4SPD16_eabi.lib</file>
         <name>fd_toi_t2.asm.obj</name>
      </input_file>
      <input_file id="fl-106">
         <path>/Applications/ti/ccs1200/ccs/tools/compiler/ti-cgt-arm_20.2.6.LTS/lib/</path>
         <kind>archive</kind>
         <file>rtsv7M4_T_le_v4SPD16_eabi.lib</file>
         <name>i_tofd_t2.asm.obj</name>
      </input_file>
      <input_file id="fl-107">
         <path>/Applications/ti/ccs1200/ccs/tools/compiler/ti-cgt-arm_20.2.6.LTS/lib/</path>
         <kind>archive</kind>
         <file>rtsv7M4_T_le_v4SPD16_eabi.lib</file>
         <name>ull_div_t2.asm.obj</name>
      </input_file>
      <input_file id="fl-108">
         <path>/Applications/ti/ccs1200/ccs/tools/compiler/ti-cgt-arm_20.2.6.LTS/lib/</path>
         <kind>archive</kind>
         <file>rtsv7M4_T_le_v4SPD16_eabi.lib</file>
         <name>autoinit.c.obj</name>
      </input_file>
      <input_file id="fl-109">
         <path>/Applications/ti/ccs1200/ccs/tools/compiler/ti-cgt-arm_20.2.6.LTS/lib/</path>
         <kind>archive</kind>
         <file>rtsv7M4_T_le_v4SPD16_eabi.lib</file>
         <name>pre_init.c.obj</name>
      </input_file>
      <input_file id="fl-10a">
         <path>/Applications/ti/ccs1200/ccs/tools/compiler/ti-cgt-arm_20.2.6.LTS/lib/</path>
         <kind>archive</kind>
         <file>rtsv7M4_T_le_v4SPD16_eabi.lib</file>
         <name>cpy_tbl.c.obj</name>
      </input_file>
      <input_file id="fl-10b">
         <path>/Applications/ti/ccs1200/ccs/tools/compiler/ti-cgt-arm_20.2.6.LTS/lib/</path>
         <kind>archive</kind>
         <file>rtsv7M4_T_le_v4SPD16_eabi.lib</file>
         <name>_ltoa.c.obj</name>
      </input_file>
      <input_file id="fl-10c">
         <path>/Applications/ti/ccs1200/ccs/tools/compiler/ti-cgt-arm_20.2.6.LTS/lib/</path>
         <kind>archive</kind>
         <file>rtsv7M4_T_le_v4SPD16_eabi.lib</file>
         <name>args_main.c.obj</name>
      </input_file>
      <input_file id="fl-10d">
         <path>/Applications/ti/ccs1200/ccs/tools/compiler/ti-cgt-arm_20.2.6.LTS/lib/</path>
         <kind>archive</kind>
         <file>rtsv7M4_T_le_v4SPD16_eabi.lib</file>
         <name>memccpy.c.obj</name>
      </input_file>
      <input_file id="fl-10e">
         <path>/Applications/ti/ccs1200/ccs/tools/compiler/ti-cgt-arm_20.2.6.LTS/lib/</path>
         <kind>archive</kind>
         <file>rtsv7M4_T_le_v4SPD16_eabi.lib</file>
         <name>s_frexp.c.obj</name>
      </input_file>
      <input_file id="fl-10f">
         <path>/Applications/ti/ccs1200/ccs/tools/compiler/ti-cgt-arm_20.2.6.LTS/lib/</path>
         <kind>archive</kind>
         <file>rtsv7M4_T_le_v4SPD16_eabi.lib</file>
         <name>s_scalbn.c.obj</name>
      </input_file>
      <input_file id="fl-110">
         <path>/Applications/ti/ccs1200/ccs/tools/compiler/ti-cgt-arm_20.2.6.LTS/lib/</path>
         <kind>archive</kind>
         <file>rtsv7M4_T_le_v4SPD16_eabi.lib</file>
         <name>s_copysign.c.obj</name>
      </input_file>
      <input_file id="fl-111">
         <path>/Applications/ti/ccs1200/ccs/tools/compiler/ti-cgt-arm_20.2.6.LTS/lib/</path>
         <kind>archive</kind>
         <file>rtsv7M4_T_le_v4SPD16_eabi.lib</file>
         <name>wcslen.c.obj</name>
      </input_file>
      <input_file id="fl-112">
         <path>/Applications/ti/ccs1200/ccs/tools/compiler/ti-cgt-arm_20.2.6.LTS/lib/</path>
         <kind>archive</kind>
         <file>rtsv7M4_T_le_v4SPD16_eabi.lib</file>
         <name>div0.asm.obj</name>
      </input_file>
   </input_file_list>
   <object_component_list>
      <object_component id="oc-24">
         <name>.intvecs:retain</name>
         <load_address>0x0</load_address>
         <run_address>0x0</run_address>
         <size>0x140</size>
         <input_file_ref idref="fl-3"/>
      </object_component>
      <object_component id="oc-227">
         <name>.text</name>
         <load_address>0x140</load_address>
         <run_address>0x140</run_address>
         <size>0x2034</size>
         <input_file_ref idref="fl-28"/>
      </object_component>
      <object_component id="oc-e7">
         <name>.text</name>
         <load_address>0x2174</load_address>
         <run_address>0x2174</run_address>
         <size>0x1598</size>
         <input_file_ref idref="fl-e"/>
      </object_component>
      <object_component id="oc-11c">
         <name>.text</name>
         <load_address>0x370c</load_address>
         <run_address>0x370c</run_address>
         <size>0xed4</size>
         <input_file_ref idref="fl-2e"/>
      </object_component>
      <object_component id="oc-e1">
         <name>.text</name>
         <load_address>0x45e0</load_address>
         <run_address>0x45e0</run_address>
         <size>0xd80</size>
         <input_file_ref idref="fl-c"/>
      </object_component>
      <object_component id="oc-a4">
         <name>.text</name>
         <load_address>0x5360</load_address>
         <run_address>0x5360</run_address>
         <size>0xca0</size>
         <input_file_ref idref="fl-2"/>
      </object_component>
      <object_component id="oc-150">
         <name>.text</name>
         <load_address>0x6000</load_address>
         <run_address>0x6000</run_address>
         <size>0xb3c</size>
         <input_file_ref idref="fl-2b"/>
      </object_component>
      <object_component id="oc-144">
         <name>.text</name>
         <load_address>0x6b3c</load_address>
         <run_address>0x6b3c</run_address>
         <size>0xac0</size>
         <input_file_ref idref="fl-30"/>
      </object_component>
      <object_component id="oc-26f">
         <name>.text:__TI_printfi</name>
         <load_address>0x75fc</load_address>
         <run_address>0x75fc</run_address>
         <size>0xa4e</size>
         <input_file_ref idref="fl-100"/>
      </object_component>
      <object_component id="oc-548">
         <name>.text</name>
         <load_address>0x804a</load_address>
         <run_address>0x804a</run_address>
         <size>0x2</size>
         <input_file_ref idref="fl-112"/>
      </object_component>
      <object_component id="oc-c3">
         <name>.text</name>
         <load_address>0x804c</load_address>
         <run_address>0x804c</run_address>
         <size>0x838</size>
         <input_file_ref idref="fl-14"/>
      </object_component>
      <object_component id="oc-136">
         <name>.text</name>
         <load_address>0x8884</load_address>
         <run_address>0x8884</run_address>
         <size>0x5b4</size>
         <input_file_ref idref="fl-27"/>
      </object_component>
      <object_component id="oc-1e4">
         <name>.text</name>
         <load_address>0x8e38</load_address>
         <run_address>0x8e38</run_address>
         <size>0x508</size>
         <input_file_ref idref="fl-19"/>
      </object_component>
      <object_component id="oc-db">
         <name>.text</name>
         <load_address>0x9340</load_address>
         <run_address>0x9340</run_address>
         <size>0x480</size>
         <input_file_ref idref="fl-10"/>
      </object_component>
      <object_component id="oc-bd">
         <name>.text</name>
         <load_address>0x97c0</load_address>
         <run_address>0x97c0</run_address>
         <size>0x3f0</size>
         <input_file_ref idref="fl-12"/>
      </object_component>
      <object_component id="oc-74">
         <name>.text</name>
         <load_address>0x9bb0</load_address>
         <run_address>0x9bb0</run_address>
         <size>0x344</size>
         <input_file_ref idref="fl-5"/>
      </object_component>
      <object_component id="oc-b6">
         <name>.text</name>
         <load_address>0x9ef4</load_address>
         <run_address>0x9ef4</run_address>
         <size>0x328</size>
         <input_file_ref idref="fl-4"/>
      </object_component>
      <object_component id="oc-3f7">
         <name>.text:_pconv_a</name>
         <load_address>0xa21c</load_address>
         <run_address>0xa21c</run_address>
         <size>0x270</size>
         <input_file_ref idref="fl-100"/>
      </object_component>
      <object_component id="oc-20c">
         <name>.text</name>
         <load_address>0xa48c</load_address>
         <run_address>0xa48c</run_address>
         <size>0x244</size>
         <input_file_ref idref="fl-1b"/>
      </object_component>
      <object_component id="oc-2b4">
         <name>.text</name>
         <load_address>0xa6d0</load_address>
         <run_address>0xa6d0</run_address>
         <size>0x214</size>
         <input_file_ref idref="fl-31"/>
      </object_component>
      <object_component id="oc-3e5">
         <name>.text:_pconv_g</name>
         <load_address>0xa8e4</load_address>
         <run_address>0xa8e4</run_address>
         <size>0x1d0</size>
         <input_file_ref idref="fl-100"/>
      </object_component>
      <object_component id="oc-4e0">
         <name>.text</name>
         <load_address>0xaab4</load_address>
         <run_address>0xaab4</run_address>
         <size>0x1b6</size>
         <input_file_ref idref="fl-101"/>
      </object_component>
      <object_component id="oc-6e">
         <name>.text</name>
         <load_address>0xac6c</load_address>
         <run_address>0xac6c</run_address>
         <size>0x16c</size>
         <input_file_ref idref="fl-6"/>
      </object_component>
      <object_component id="oc-3f1">
         <name>.text:_pconv_e</name>
         <load_address>0xadd8</load_address>
         <run_address>0xadd8</run_address>
         <size>0x13c</size>
         <input_file_ref idref="fl-100"/>
      </object_component>
      <object_component id="oc-4c6">
         <name>.text</name>
         <load_address>0xaf14</load_address>
         <run_address>0xaf14</run_address>
         <size>0x136</size>
         <input_file_ref idref="fl-103"/>
      </object_component>
      <object_component id="oc-13e">
         <name>.text</name>
         <load_address>0xb04c</load_address>
         <run_address>0xb04c</run_address>
         <size>0x130</size>
         <input_file_ref idref="fl-2d"/>
      </object_component>
      <object_component id="oc-4f2">
         <name>.text:fcvt</name>
         <load_address>0xb17c</load_address>
         <run_address>0xb17c</run_address>
         <size>0x124</size>
         <input_file_ref idref="fl-100"/>
      </object_component>
      <object_component id="oc-14a">
         <name>.text</name>
         <load_address>0xb2a0</load_address>
         <run_address>0xb2a0</run_address>
         <size>0x110</size>
         <input_file_ref idref="fl-2c"/>
      </object_component>
      <object_component id="oc-506">
         <name>.text:scalbn</name>
         <load_address>0xb3b0</load_address>
         <run_address>0xb3b0</run_address>
         <size>0x110</size>
         <input_file_ref idref="fl-10f"/>
      </object_component>
      <object_component id="oc-4c1">
         <name>.text</name>
         <load_address>0xb4c0</load_address>
         <run_address>0xb4c0</run_address>
         <size>0xfc</size>
         <input_file_ref idref="fl-104"/>
      </object_component>
      <object_component id="oc-1de">
         <name>.text</name>
         <load_address>0xb5bc</load_address>
         <run_address>0xb5bc</run_address>
         <size>0xd8</size>
         <input_file_ref idref="fl-20"/>
      </object_component>
      <object_component id="oc-3da">
         <name>.text:_ltostr</name>
         <load_address>0xb694</load_address>
         <run_address>0xb694</run_address>
         <size>0xb1</size>
         <input_file_ref idref="fl-100"/>
      </object_component>
      <object_component id="oc-38">
         <name>.text</name>
         <load_address>0xb746</load_address>
         <run_address>0xb746</run_address>
         <size>0x9c</size>
         <input_file_ref idref="fl-ed"/>
      </object_component>
      <object_component id="oc-4ba">
         <name>.text</name>
         <load_address>0xb7e2</load_address>
         <run_address>0xb7e2</run_address>
         <size>0x96</size>
         <input_file_ref idref="fl-107"/>
      </object_component>
      <object_component id="oc-3e0">
         <name>.text:__aeabi_cdcmple</name>
         <load_address>0xb878</load_address>
         <run_address>0xb878</run_address>
         <size>0x86</size>
         <input_file_ref idref="fl-102"/>
      </object_component>
      <object_component id="oc-4cb">
         <name>.text:__aeabi_cdrcmple</name>
         <load_address>0xb8fe</load_address>
         <run_address>0xb8fe</run_address>
         <size>0x86</size>
         <input_file_ref idref="fl-102"/>
      </object_component>
      <object_component id="oc-399">
         <name>.text</name>
         <load_address>0xb984</load_address>
         <run_address>0xb984</run_address>
         <size>0x80</size>
         <input_file_ref idref="fl-29"/>
      </object_component>
      <object_component id="oc-98">
         <name>.text</name>
         <load_address>0xba04</load_address>
         <run_address>0xba04</run_address>
         <size>0x7a</size>
         <input_file_ref idref="fl-ee"/>
      </object_component>
      <object_component id="oc-4eb">
         <name>.text:_mcpy</name>
         <load_address>0xba7e</load_address>
         <run_address>0xba7e</run_address>
         <size>0x6e</size>
         <input_file_ref idref="fl-100"/>
      </object_component>
      <object_component id="oc-15">
         <name>.text:decompress:lzss:__TI_decompress_lzss</name>
         <load_address>0xbaec</load_address>
         <run_address>0xbaec</run_address>
         <size>0x68</size>
         <input_file_ref idref="fl-f1"/>
      </object_component>
      <object_component id="oc-500">
         <name>.text:frexp</name>
         <load_address>0xbb54</load_address>
         <run_address>0xbb54</run_address>
         <size>0x64</size>
         <input_file_ref idref="fl-10e"/>
      </object_component>
      <object_component id="oc-3eb">
         <name>.text:_pconv_f</name>
         <load_address>0xbbb8</load_address>
         <run_address>0xbbb8</run_address>
         <size>0x56</size>
         <input_file_ref idref="fl-100"/>
      </object_component>
      <object_component id="oc-4d5">
         <name>.text:__TI_ltoa</name>
         <load_address>0xbc0e</load_address>
         <run_address>0xbc0e</run_address>
         <size>0x54</size>
         <input_file_ref idref="fl-10b"/>
      </object_component>
      <object_component id="oc-4e5">
         <name>.text:_ecpy</name>
         <load_address>0xbc62</load_address>
         <run_address>0xbc62</run_address>
         <size>0x52</size>
         <input_file_ref idref="fl-100"/>
      </object_component>
      <object_component id="oc-3d4">
         <name>.text:atoi</name>
         <load_address>0xbcb4</load_address>
         <run_address>0xbcb4</run_address>
         <size>0x4c</size>
         <input_file_ref idref="fl-f4"/>
      </object_component>
      <object_component id="oc-4d0">
         <name>.text</name>
         <load_address>0xbd00</load_address>
         <run_address>0xbd00</run_address>
         <size>0x48</size>
         <input_file_ref idref="fl-105"/>
      </object_component>
      <object_component id="oc-18b">
         <name>.text:__TI_auto_init_nobinit_nopinit:__TI_auto_init_nobinit_nopinit</name>
         <load_address>0xbd48</load_address>
         <run_address>0xbd48</run_address>
         <size>0x44</size>
         <input_file_ref idref="fl-108"/>
      </object_component>
      <object_component id="oc-128">
         <name>.text:sprintf</name>
         <load_address>0xbd8c</load_address>
         <run_address>0xbd8c</run_address>
         <size>0x40</size>
         <input_file_ref idref="fl-ec"/>
      </object_component>
      <object_component id="oc-4f8">
         <name>.text:_fcpy</name>
         <load_address>0xbdcc</load_address>
         <run_address>0xbdcc</run_address>
         <size>0x3e</size>
         <input_file_ref idref="fl-100"/>
      </object_component>
      <object_component id="oc-1c1">
         <name>.text</name>
         <load_address>0xbe0a</load_address>
         <run_address>0xbe0a</run_address>
         <size>0x3e</size>
         <input_file_ref idref="fl-a"/>
      </object_component>
      <object_component id="oc-56">
         <name>.text:_c_int00_noargs:_c_int00_noargs</name>
         <load_address>0xbe48</load_address>
         <run_address>0xbe48</run_address>
         <size>0x34</size>
         <input_file_ref idref="fl-ff"/>
      </object_component>
      <object_component id="oc-4db">
         <name>.text</name>
         <load_address>0xbe7c</load_address>
         <run_address>0xbe7c</run_address>
         <size>0x2e</size>
         <input_file_ref idref="fl-106"/>
      </object_component>
      <object_component id="oc-3fd">
         <name>.text:memccpy</name>
         <load_address>0xbeaa</load_address>
         <run_address>0xbeaa</run_address>
         <size>0x1c</size>
         <input_file_ref idref="fl-10d"/>
      </object_component>
      <object_component id="oc-561">
         <name>.text:copysign</name>
         <load_address>0xbec6</load_address>
         <run_address>0xbec6</run_address>
         <size>0x1a</size>
         <input_file_ref idref="fl-110"/>
      </object_component>
      <object_component id="oc-275">
         <name>.text:_outs</name>
         <load_address>0xbee0</load_address>
         <run_address>0xbee0</run_address>
         <size>0x18</size>
         <input_file_ref idref="fl-ec"/>
      </object_component>
      <object_component id="oc-50c">
         <name>.text:strchr</name>
         <load_address>0xbef8</load_address>
         <run_address>0xbef8</run_address>
         <size>0x16</size>
         <input_file_ref idref="fl-f9"/>
      </object_component>
      <object_component id="oc-c9">
         <name>.text:strlen</name>
         <load_address>0xbf0e</load_address>
         <run_address>0xbf0e</run_address>
         <size>0x14</size>
         <input_file_ref idref="fl-fc"/>
      </object_component>
      <object_component id="oc-68">
         <name>.text</name>
         <load_address>0xbf22</load_address>
         <run_address>0xbf22</run_address>
         <size>0x12</size>
         <input_file_ref idref="fl-3"/>
      </object_component>
      <object_component id="oc-403">
         <name>.text:wcslen</name>
         <load_address>0xbf34</load_address>
         <run_address>0xbf34</run_address>
         <size>0x12</size>
         <input_file_ref idref="fl-111"/>
      </object_component>
      <object_component id="oc-1b">
         <name>.text:decompress:none:__TI_decompress_none</name>
         <load_address>0xbf46</load_address>
         <run_address>0xbf46</run_address>
         <size>0xe</size>
         <input_file_ref idref="fl-f0"/>
      </object_component>
      <object_component id="oc-4a">
         <name>.text:decompress:ZI:__TI_zero_init</name>
         <load_address>0xbf54</load_address>
         <run_address>0xbf54</run_address>
         <size>0xc</size>
         <input_file_ref idref="fl-ef"/>
      </object_component>
      <object_component id="oc-27b">
         <name>.text:_outc</name>
         <load_address>0xbf60</load_address>
         <run_address>0xbf60</run_address>
         <size>0xa</size>
         <input_file_ref idref="fl-ec"/>
      </object_component>
      <object_component id="oc-409">
         <name>.text:__aeabi_errno_addr</name>
         <load_address>0xbf6c</load_address>
         <run_address>0xbf6c</run_address>
         <size>0x8</size>
         <input_file_ref idref="fl-fe"/>
      </object_component>
      <object_component id="oc-122">
         <name>.text:bzero</name>
         <load_address>0xbf74</load_address>
         <run_address>0xbf74</run_address>
         <size>0x8</size>
         <input_file_ref idref="fl-f5"/>
      </object_component>
      <object_component id="oc-9e">
         <name>.text:_system_pre_init</name>
         <load_address>0xbf7c</load_address>
         <run_address>0xbf7c</run_address>
         <size>0x4</size>
         <input_file_ref idref="fl-109"/>
      </object_component>
      <object_component id="oc-17f">
         <name>.text:abort:abort</name>
         <load_address>0xbf80</load_address>
         <run_address>0xbf80</run_address>
         <size>0x4</size>
         <input_file_ref idref="fl-f2"/>
      </object_component>
      <object_component id="oc-4b5">
         <name>.const:.string:_ctypes_</name>
         <load_address>0xbf84</load_address>
         <run_address>0xbf84</run_address>
         <size>0x101</size>
         <input_file_ref idref="fl-f6"/>
      </object_component>
      <object_component id="oc-2d4">
         <name>.const:$P$T0$1</name>
         <load_address>0xc088</load_address>
         <run_address>0xc088</run_address>
         <size>0xb0</size>
         <input_file_ref idref="fl-30"/>
      </object_component>
      <object_component id="oc-1cd">
         <name>.const:g_pulRegs</name>
         <load_address>0xc138</load_address>
         <run_address>0xc138</run_address>
         <size>0x50</size>
         <input_file_ref idref="fl-12"/>
      </object_component>
      <object_component id="oc-3ab">
         <name>.const:_SlActionLookupTable</name>
         <load_address>0xc188</load_address>
         <run_address>0xc188</run_address>
         <size>0x38</size>
         <input_file_ref idref="fl-28"/>
      </object_component>
      <object_component id="oc-156">
         <name>.const:$P$T0$1</name>
         <load_address>0xc1c0</load_address>
         <run_address>0xc1c0</run_address>
         <size>0x2c</size>
         <input_file_ref idref="fl-2"/>
      </object_component>
      <object_component id="oc-1ca">
         <name>.const:g_pulPriority</name>
         <load_address>0xc1ec</load_address>
         <run_address>0xc1ec</run_address>
         <size>0x20</size>
         <input_file_ref idref="fl-12"/>
      </object_component>
      <object_component id="oc-204">
         <name>.const:GPIO_PORT_TO_INT</name>
         <load_address>0xc20c</load_address>
         <run_address>0xc20c</run_address>
         <size>0x1c</size>
         <input_file_ref idref="fl-10"/>
      </object_component>
      <object_component id="oc-159">
         <name>.const:$P$T1$2</name>
         <load_address>0xc228</load_address>
         <run_address>0xc228</run_address>
         <size>0x14</size>
         <input_file_ref idref="fl-2"/>
      </object_component>
      <object_component id="oc-15c">
         <name>.const:$P$T2$3</name>
         <load_address>0xc23c</load_address>
         <run_address>0xc23c</run_address>
         <size>0xc</size>
         <input_file_ref idref="fl-2"/>
      </object_component>
      <object_component id="oc-3a5">
         <name>.const:g_H2NCnysPattern</name>
         <load_address>0xc248</load_address>
         <run_address>0xc248</run_address>
         <size>0x8</size>
         <input_file_ref idref="fl-28"/>
      </object_component>
      <object_component id="oc-3a2">
         <name>.const:g_H2NSyncPattern</name>
         <load_address>0xc250</load_address>
         <run_address>0xc250</run_address>
         <size>0x8</size>
         <input_file_ref idref="fl-28"/>
      </object_component>
      <object_component id="oc-1d3">
         <name>.const:g_pulDisRegs</name>
         <load_address>0xc258</load_address>
         <run_address>0xc258</run_address>
         <size>0x8</size>
         <input_file_ref idref="fl-12"/>
      </object_component>
      <object_component id="oc-1d0">
         <name>.const:g_pulEnRegs</name>
         <load_address>0xc260</load_address>
         <run_address>0xc260</run_address>
         <size>0x8</size>
         <input_file_ref idref="fl-12"/>
      </object_component>
      <object_component id="oc-1d6">
         <name>.const:g_pulPendRegs</name>
         <load_address>0xc268</load_address>
         <run_address>0xc268</run_address>
         <size>0x8</size>
         <input_file_ref idref="fl-12"/>
      </object_component>
      <object_component id="oc-1d9">
         <name>.const:g_pulUnpendRegs</name>
         <load_address>0xc270</load_address>
         <run_address>0xc270</run_address>
         <size>0x8</size>
         <input_file_ref idref="fl-12"/>
      </object_component>
      <object_component id="oc-233">
         <name>.const:$P$T0$1</name>
         <load_address>0xc278</load_address>
         <run_address>0xc278</run_address>
         <size>0x4</size>
         <input_file_ref idref="fl-2e"/>
      </object_component>
      <object_component id="oc-3a8">
         <name>.const:$P$T0$1</name>
         <load_address>0xc27c</load_address>
         <run_address>0xc27c</run_address>
         <size>0x4</size>
         <input_file_ref idref="fl-28"/>
      </object_component>
      <object_component id="oc-32a">
         <name>.const:$P$T0$1</name>
         <load_address>0xc280</load_address>
         <run_address>0xc280</run_address>
         <size>0x4</size>
         <input_file_ref idref="fl-2b"/>
      </object_component>
      <object_component id="oc-236">
         <name>.const:$P$T1$2</name>
         <load_address>0xc284</load_address>
         <run_address>0xc284</run_address>
         <size>0x4</size>
         <input_file_ref idref="fl-2e"/>
      </object_component>
      <object_component id="oc-2d7">
         <name>.const:$P$T1$2</name>
         <load_address>0xc288</load_address>
         <run_address>0xc288</run_address>
         <size>0x4</size>
         <input_file_ref idref="fl-30"/>
      </object_component>
      <object_component id="oc-23c">
         <name>.const:$P$T2$3</name>
         <load_address>0xc28c</load_address>
         <run_address>0xc28c</run_address>
         <size>0x4</size>
         <input_file_ref idref="fl-2e"/>
      </object_component>
      <object_component id="oc-2e0">
         <name>.const:$P$T2$3</name>
         <load_address>0xc290</load_address>
         <run_address>0xc290</run_address>
         <size>0x4</size>
         <input_file_ref idref="fl-30"/>
      </object_component>
      <object_component id="oc-2f5">
         <name>.const:$P$T3$4</name>
         <load_address>0xc294</load_address>
         <run_address>0xc294</run_address>
         <size>0x4</size>
         <input_file_ref idref="fl-30"/>
      </object_component>
      <object_component id="oc-248">
         <name>.const:_SlAcceptCmdCtrl</name>
         <load_address>0xc298</load_address>
         <run_address>0xc298</run_address>
         <size>0x4</size>
         <input_file_ref idref="fl-2e"/>
      </object_component>
      <object_component id="oc-2c3">
         <name>.const:_SlDeviceGetCmdCtrl</name>
         <load_address>0xc29c</load_address>
         <run_address>0xc29c</run_address>
         <size>0x4</size>
         <input_file_ref idref="fl-27"/>
      </object_component>
      <object_component id="oc-2c6">
         <name>.const:_SlDeviceSetCmdCtrl</name>
         <load_address>0xc2a0</load_address>
         <run_address>0xc2a0</run_address>
         <size>0x4</size>
         <input_file_ref idref="fl-27"/>
      </object_component>
      <object_component id="oc-2c0">
         <name>.const:_SlEventMaskGetCmdCtrl</name>
         <load_address>0xc2a4</load_address>
         <run_address>0xc2a4</run_address>
         <size>0x4</size>
         <input_file_ref idref="fl-27"/>
      </object_component>
      <object_component id="oc-2bd">
         <name>.const:_SlEventMaskSetCmdCtrl</name>
         <load_address>0xc2a8</load_address>
         <run_address>0xc2a8</run_address>
         <size>0x4</size>
         <input_file_ref idref="fl-27"/>
      </object_component>
      <object_component id="oc-327">
         <name>.const:_SlGetHostByNameCtrl</name>
         <load_address>0xc2ac</load_address>
         <run_address>0xc2ac</run_address>
         <size>0x4</size>
         <input_file_ref idref="fl-2b"/>
      </object_component>
      <object_component id="oc-324">
         <name>.const:_SlGetHostByServiceCtrl</name>
         <load_address>0xc2b0</load_address>
         <run_address>0xc2b0</run_address>
         <size>0x4</size>
         <input_file_ref idref="fl-2b"/>
      </object_component>
      <object_component id="oc-31e">
         <name>.const:_SlGetServiceListeCtrl</name>
         <load_address>0xc2b4</load_address>
         <run_address>0xc2b4</run_address>
         <size>0x4</size>
         <input_file_ref idref="fl-2b"/>
      </object_component>
      <object_component id="oc-251">
         <name>.const:_SlGetSockOptCmdCtrl</name>
         <load_address>0xc2b8</load_address>
         <run_address>0xc2b8</run_address>
         <size>0x4</size>
         <input_file_ref idref="fl-2e"/>
      </object_component>
      <object_component id="oc-245">
         <name>.const:_SlListenCmdCtrl</name>
         <load_address>0xc2bc</load_address>
         <run_address>0xc2bc</run_address>
         <size>0x4</size>
         <input_file_ref idref="fl-2e"/>
      </object_component>
      <object_component id="oc-333">
         <name>.const:_SlNetAppGetCmdCtrl</name>
         <load_address>0xc2c0</load_address>
         <run_address>0xc2c0</run_address>
         <size>0x4</size>
         <input_file_ref idref="fl-2b"/>
      </object_component>
      <object_component id="oc-330">
         <name>.const:_SlNetAppSendTokenValueCmdCtrl</name>
         <load_address>0xc2c4</load_address>
         <run_address>0xc2c4</run_address>
         <size>0x4</size>
         <input_file_ref idref="fl-2b"/>
      </object_component>
      <object_component id="oc-32d">
         <name>.const:_SlNetAppSetCmdCtrl</name>
         <load_address>0xc2c8</load_address>
         <run_address>0xc2c8</run_address>
         <size>0x4</size>
         <input_file_ref idref="fl-2b"/>
      </object_component>
      <object_component id="oc-318">
         <name>.const:_SlNetAppStartCtrl</name>
         <load_address>0xc2cc</load_address>
         <run_address>0xc2cc</run_address>
         <size>0x4</size>
         <input_file_ref idref="fl-2b"/>
      </object_component>
      <object_component id="oc-31b">
         <name>.const:_SlNetAppStopCtrl</name>
         <load_address>0xc2d0</load_address>
         <run_address>0xc2d0</run_address>
         <size>0x4</size>
         <input_file_ref idref="fl-2b"/>
      </object_component>
      <object_component id="oc-30e">
         <name>.const:_SlNetCfgGetCmdCtrl</name>
         <load_address>0xc2d4</load_address>
         <run_address>0xc2d4</run_address>
         <size>0x4</size>
         <input_file_ref idref="fl-2c"/>
      </object_component>
      <object_component id="oc-30b">
         <name>.const:_SlNetCfgSetCmdCtrl</name>
         <load_address>0xc2d8</load_address>
         <run_address>0xc2d8</run_address>
         <size>0x4</size>
         <input_file_ref idref="fl-2c"/>
      </object_component>
      <object_component id="oc-2dd">
         <name>.const:_SlPolicyGetCmdCtrl</name>
         <load_address>0xc2dc</load_address>
         <run_address>0xc2dc</run_address>
         <size>0x4</size>
         <input_file_ref idref="fl-30"/>
      </object_component>
      <object_component id="oc-2da">
         <name>.const:_SlPolicySetCmdCtrl</name>
         <load_address>0xc2e0</load_address>
         <run_address>0xc2e0</run_address>
         <size>0x4</size>
         <input_file_ref idref="fl-30"/>
      </object_component>
      <object_component id="oc-2e6">
         <name>.const:_SlProfileDelCmdCtrl</name>
         <load_address>0xc2e4</load_address>
         <run_address>0xc2e4</run_address>
         <size>0x4</size>
         <input_file_ref idref="fl-30"/>
      </object_component>
      <object_component id="oc-2e3">
         <name>.const:_SlProfileGetCmdCtrl</name>
         <load_address>0xc2e8</load_address>
         <run_address>0xc2e8</run_address>
         <size>0x4</size>
         <input_file_ref idref="fl-30"/>
      </object_component>
      <object_component id="oc-24b">
         <name>.const:_SlRecvCmdCtrl</name>
         <load_address>0xc2ec</load_address>
         <run_address>0xc2ec</run_address>
         <size>0x4</size>
         <input_file_ref idref="fl-2e"/>
      </object_component>
      <object_component id="oc-239">
         <name>.const:_SlRecvfomCmdCtrl</name>
         <load_address>0xc2f0</load_address>
         <run_address>0xc2f0</run_address>
         <size>0x4</size>
         <input_file_ref idref="fl-2e"/>
      </object_component>
      <object_component id="oc-321">
         <name>.const:_SlRegisterServiceCtrl</name>
         <load_address>0xc2f4</load_address>
         <run_address>0xc2f4</run_address>
         <size>0x4</size>
         <input_file_ref idref="fl-2b"/>
      </object_component>
      <object_component id="oc-2ec">
         <name>.const:_SlRxFilterAddtCmdCtrl</name>
         <load_address>0xc2f8</load_address>
         <run_address>0xc2f8</run_address>
         <size>0x4</size>
         <input_file_ref idref="fl-30"/>
      </object_component>
      <object_component id="oc-2f2">
         <name>.const:_SlRxFilterGetCmdCtrl</name>
         <load_address>0xc2fc</load_address>
         <run_address>0xc2fc</run_address>
         <size>0x4</size>
         <input_file_ref idref="fl-30"/>
      </object_component>
      <object_component id="oc-2ef">
         <name>.const:_SlRxFilterSetCmdCtrl</name>
         <load_address>0xc300</load_address>
         <run_address>0xc300</run_address>
         <size>0x4</size>
         <input_file_ref idref="fl-30"/>
      </object_component>
      <object_component id="oc-254">
         <name>.const:_SlSelectCmdCtrl</name>
         <load_address>0xc304</load_address>
         <run_address>0xc304</run_address>
         <size>0x4</size>
         <input_file_ref idref="fl-2e"/>
      </object_component>
      <object_component id="oc-242">
         <name>.const:_SlSendCmdCtrl</name>
         <load_address>0xc308</load_address>
         <run_address>0xc308</run_address>
         <size>0x4</size>
         <input_file_ref idref="fl-2e"/>
      </object_component>
      <object_component id="oc-24e">
         <name>.const:_SlSetSockOptCmdCtrl</name>
         <load_address>0xc30c</load_address>
         <run_address>0xc30c</run_address>
         <size>0x4</size>
         <input_file_ref idref="fl-2e"/>
      </object_component>
      <object_component id="oc-2f8">
         <name>.const:_SlSmartConfigStartCmdCtrl</name>
         <load_address>0xc310</load_address>
         <run_address>0xc310</run_address>
         <size>0x4</size>
         <input_file_ref idref="fl-30"/>
      </object_component>
      <object_component id="oc-230">
         <name>.const:_SlSockCloseCmdCtrl</name>
         <load_address>0xc314</load_address>
         <run_address>0xc314</run_address>
         <size>0x4</size>
         <input_file_ref idref="fl-2e"/>
      </object_component>
      <object_component id="oc-22d">
         <name>.const:_SlSockSocketCmdCtrl</name>
         <load_address>0xc318</load_address>
         <run_address>0xc318</run_address>
         <size>0x4</size>
         <input_file_ref idref="fl-2e"/>
      </object_component>
      <object_component id="oc-2ba">
         <name>.const:_SlStopCmdCtrl</name>
         <load_address>0xc31c</load_address>
         <run_address>0xc31c</run_address>
         <size>0x4</size>
         <input_file_ref idref="fl-27"/>
      </object_component>
      <object_component id="oc-301">
         <name>.const:_SlWlanCfgGetCmdCtrl</name>
         <load_address>0xc320</load_address>
         <run_address>0xc320</run_address>
         <size>0x4</size>
         <input_file_ref idref="fl-30"/>
      </object_component>
      <object_component id="oc-2fe">
         <name>.const:_SlWlanCfgSetCmdCtrl</name>
         <load_address>0xc324</load_address>
         <run_address>0xc324</run_address>
         <size>0x4</size>
         <input_file_ref idref="fl-30"/>
      </object_component>
      <object_component id="oc-2e9">
         <name>.const:_SlWlanGetNetworkListCtrl</name>
         <load_address>0xc328</load_address>
         <run_address>0xc328</run_address>
         <size>0x4</size>
         <input_file_ref idref="fl-30"/>
      </object_component>
      <object_component id="oc-2fb">
         <name>.const:_SlWlanSetModeCmdCtrl</name>
         <load_address>0xc32c</load_address>
         <run_address>0xc32c</run_address>
         <size>0x4</size>
         <input_file_ref idref="fl-30"/>
      </object_component>
      <object_component id="oc-5be">
         <name>.cinit..data.load</name>
         <load_address>0xc330</load_address>
         <run_address>0xc330</run_address>
         <size>0x6e</size>
      </object_component>
      <object_component id="oc-5bb">
         <name>__TI_handler_table</name>
         <load_address>0xc3a0</load_address>
         <run_address>0xc3a0</run_address>
         <size>0xc</size>
      </object_component>
      <object_component id="oc-5bf">
         <name>.cinit..bss.load</name>
         <load_address>0xc3b0</load_address>
         <run_address>0xc3b0</run_address>
         <size>0x8</size>
      </object_component>
      <object_component id="oc-5bd">
         <name>.cinit..vtable.load</name>
         <load_address>0xc3b8</load_address>
         <run_address>0xc3b8</run_address>
         <size>0x8</size>
      </object_component>
      <object_component id="oc-5bc">
         <name>__TI_cinit_table</name>
         <load_address>0xc3c0</load_address>
         <run_address>0xc3c0</run_address>
         <size>0x18</size>
      </object_component>
      <object_component id="oc-591">
         <name>.binit</name>
         <load_address>0x0</load_address>
         <run_address>0x0</run_address>
         <size>0x0</size>
      </object_component>
      <object_component id="oc-1c7">
         <name>.vtable</name>
         <uninitialized>true</uninitialized>
         <run_address>0x20000000</run_address>
         <size>0xe4</size>
         <input_file_ref idref="fl-12"/>
      </object_component>
      <object_component id="oc-133">
         <name>.data</name>
         <load_address>0x20000d54</load_address>
         <run_address>0x20000d54</run_address>
         <size>0x8</size>
         <input_file_ref idref="fl-2"/>
      </object_component>
      <object_component id="oc-1bd">
         <name>.data</name>
         <load_address>0x20000d68</load_address>
         <run_address>0x20000d68</run_address>
         <size>0x4</size>
         <input_file_ref idref="fl-4"/>
      </object_component>
      <object_component id="oc-ed">
         <name>.data</name>
         <load_address>0x20000d5c</load_address>
         <run_address>0x20000d5c</run_address>
         <size>0x4</size>
         <input_file_ref idref="fl-5"/>
      </object_component>
      <object_component id="oc-d2">
         <name>.data</name>
         <load_address>0x20000d60</load_address>
         <run_address>0x20000d60</run_address>
         <size>0x4</size>
         <input_file_ref idref="fl-6"/>
      </object_component>
      <object_component id="oc-214">
         <name>.data:__getBurstProgramRegs</name>
         <load_address>0x20000cd8</load_address>
         <run_address>0x20000cd8</run_address>
         <size>0x40</size>
         <input_file_ref idref="fl-e"/>
      </object_component>
      <object_component id="oc-201">
         <name>.data:GPIO_PORT_TO_BASE</name>
         <load_address>0x20000d18</load_address>
         <run_address>0x20000d18</run_address>
         <size>0x30</size>
         <input_file_ref idref="fl-10"/>
      </object_component>
      <object_component id="oc-23f">
         <name>.data</name>
         <load_address>0x20000d48</load_address>
         <run_address>0x20000d48</run_address>
         <size>0x9</size>
         <input_file_ref idref="fl-28"/>
      </object_component>
      <object_component id="oc-51c">
         <name>.data</name>
         <load_address>0x20000d64</load_address>
         <run_address>0x20000d64</run_address>
         <size>0x4</size>
         <input_file_ref idref="fl-fe"/>
      </object_component>
      <object_component id="oc-209">
         <name>.bss</name>
         <uninitialized>true</uninitialized>
         <run_address>0x200008b8</run_address>
         <size>0x8</size>
         <input_file_ref idref="fl-c"/>
      </object_component>
      <object_component id="oc-13c">
         <name>.common:sockfd</name>
         <uninitialized>true</uninitialized>
         <run_address>0x200008cc</run_address>
         <size>0x4</size>
      </object_component>
      <object_component id="oc-12e">
         <name>.common:connfd</name>
         <uninitialized>true</uninitialized>
         <run_address>0x200008c0</run_address>
         <size>0x4</size>
      </object_component>
      <object_component id="oc-132">
         <name>.common:len</name>
         <uninitialized>true</uninitialized>
         <run_address>0x200008c8</run_address>
         <size>0x4</size>
      </object_component>
      <object_component id="oc-13d">
         <name>.common:servaddr</name>
         <uninitialized>true</uninitialized>
         <run_address>0x200008a8</run_address>
         <size>0x10</size>
      </object_component>
      <object_component id="oc-131">
         <name>.common:cli</name>
         <uninitialized>true</uninitialized>
         <run_address>0x20000898</run_address>
         <size>0x10</size>
      </object_component>
      <object_component id="oc-15f">
         <name>.common:g_AppData</name>
         <uninitialized>true</uninitialized>
         <run_address>0x200000e4</run_address>
         <size>0x628</size>
      </object_component>
      <object_component id="oc-f0">
         <name>.common:IntIsMasked</name>
         <uninitialized>true</uninitialized>
         <run_address>0x200008d0</run_address>
         <size>0x1</size>
      </object_component>
      <object_component id="oc-cf">
         <name>.common:g_ucUARTBuffer</name>
         <uninitialized>true</uninitialized>
         <run_address>0x200008c4</run_address>
         <size>0x4</size>
      </object_component>
      <object_component id="oc-39f">
         <name>.common:g_StatMem</name>
         <uninitialized>true</uninitialized>
         <run_address>0x2000070c</run_address>
         <size>0x164</size>
      </object_component>
      <object_component id="oc-2d0">
         <name>.common:g__SlNonOsCB</name>
         <uninitialized>true</uninitialized>
         <run_address>0x20000870</run_address>
         <size>0x28</size>
      </object_component>
      <object_component id="oc-27">
         <name>.sysmem</name>
         <uninitialized>true</uninitialized>
         <run_address>0x200008d8</run_address>
         <size>0x10</size>
         <input_file_ref idref="fl-f7"/>
      </object_component>
      <object_component id="oc-5c2">
         <name>.sysmem</name>
         <uninitialized>true</uninitialized>
         <run_address>0x200008d8</run_address>
         <size>0x0</size>
      </object_component>
      <object_component id="oc-2a">
         <name>.stack</name>
         <uninitialized>true</uninitialized>
         <run_address>0x2000fe00</run_address>
         <size>0x4</size>
         <input_file_ref idref="fl-ff"/>
      </object_component>
      <object_component id="oc-5c1">
         <name>.stack</name>
         <uninitialized>true</uninitialized>
         <run_address>0x2000fe00</run_address>
         <size>0x0</size>
      </object_component>
      <object_component id="oc-12f">
         <name>.debug_info</name>
         <load_address>0x0</load_address>
         <run_address>0x0</run_address>
         <size>0x11a2</size>
         <input_file_ref idref="fl-2"/>
      </object_component>
      <object_component id="oc-134">
         <name>.debug_info</name>
         <load_address>0x11a2</load_address>
         <run_address>0x11a2</run_address>
         <size>0x107</size>
         <input_file_ref idref="fl-2"/>
      </object_component>
      <object_component id="oc-157">
         <name>.debug_info</name>
         <load_address>0x12a9</load_address>
         <run_address>0x12a9</run_address>
         <size>0xce</size>
         <input_file_ref idref="fl-2"/>
      </object_component>
      <object_component id="oc-15a">
         <name>.debug_info</name>
         <load_address>0x1377</load_address>
         <run_address>0x1377</run_address>
         <size>0xce</size>
         <input_file_ref idref="fl-2"/>
      </object_component>
      <object_component id="oc-15d">
         <name>.debug_info</name>
         <load_address>0x1445</load_address>
         <run_address>0x1445</run_address>
         <size>0xce</size>
         <input_file_ref idref="fl-2"/>
      </object_component>
      <object_component id="oc-a6">
         <name>.debug_info</name>
         <load_address>0x1513</load_address>
         <run_address>0x1513</run_address>
         <size>0x11b2</size>
         <input_file_ref idref="fl-2"/>
      </object_component>
      <object_component id="oc-170">
         <name>.debug_info</name>
         <load_address>0x26c5</load_address>
         <run_address>0x26c5</run_address>
         <size>0x30f</size>
         <input_file_ref idref="fl-2"/>
      </object_component>
      <object_component id="oc-294">
         <name>.debug_info</name>
         <load_address>0x29d4</load_address>
         <run_address>0x29d4</run_address>
         <size>0x808</size>
         <input_file_ref idref="fl-2"/>
      </object_component>
      <object_component id="oc-f4">
         <name>.debug_info</name>
         <load_address>0x31dc</load_address>
         <run_address>0x31dc</run_address>
         <size>0x13e</size>
         <input_file_ref idref="fl-2"/>
      </object_component>
      <object_component id="oc-16b">
         <name>.debug_info</name>
         <load_address>0x331a</load_address>
         <run_address>0x331a</run_address>
         <size>0x827</size>
         <input_file_ref idref="fl-2"/>
      </object_component>
      <object_component id="oc-21d">
         <name>.debug_info</name>
         <load_address>0x3b41</load_address>
         <run_address>0x3b41</run_address>
         <size>0x60f</size>
         <input_file_ref idref="fl-2"/>
      </object_component>
      <object_component id="oc-17a">
         <name>.debug_info</name>
         <load_address>0x4150</load_address>
         <run_address>0x4150</run_address>
         <size>0x92b</size>
         <input_file_ref idref="fl-2"/>
      </object_component>
      <object_component id="oc-2a8">
         <name>.debug_info</name>
         <load_address>0x4a7b</load_address>
         <run_address>0x4a7b</run_address>
         <size>0xbd</size>
         <input_file_ref idref="fl-2"/>
      </object_component>
      <object_component id="oc-fb">
         <name>.debug_info</name>
         <load_address>0x4b38</load_address>
         <run_address>0x4b38</run_address>
         <size>0x26b</size>
         <input_file_ref idref="fl-2"/>
      </object_component>
      <object_component id="oc-1f5">
         <name>.debug_info</name>
         <load_address>0x4da3</load_address>
         <run_address>0x4da3</run_address>
         <size>0x1055</size>
         <input_file_ref idref="fl-2"/>
      </object_component>
      <object_component id="oc-28a">
         <name>.debug_info</name>
         <load_address>0x5df8</load_address>
         <run_address>0x5df8</run_address>
         <size>0x37e2</size>
         <input_file_ref idref="fl-2"/>
      </object_component>
      <object_component id="oc-390">
         <name>.debug_info</name>
         <load_address>0x95da</load_address>
         <run_address>0x95da</run_address>
         <size>0x1b5</size>
         <input_file_ref idref="fl-2"/>
      </object_component>
      <object_component id="oc-2a3">
         <name>.debug_info</name>
         <load_address>0x978f</load_address>
         <run_address>0x978f</run_address>
         <size>0x2f2</size>
         <input_file_ref idref="fl-2"/>
      </object_component>
      <object_component id="oc-28f">
         <name>.debug_info</name>
         <load_address>0x9a81</load_address>
         <run_address>0x9a81</run_address>
         <size>0x436</size>
         <input_file_ref idref="fl-2"/>
      </object_component>
      <object_component id="oc-299">
         <name>.debug_info</name>
         <load_address>0x9eb7</load_address>
         <run_address>0x9eb7</run_address>
         <size>0xda</size>
         <input_file_ref idref="fl-2"/>
      </object_component>
      <object_component id="oc-175">
         <name>.debug_info</name>
         <load_address>0x9f91</load_address>
         <run_address>0x9f91</run_address>
         <size>0x6c8</size>
         <input_file_ref idref="fl-2"/>
      </object_component>
      <object_component id="oc-37a">
         <name>.debug_info</name>
         <load_address>0xa659</load_address>
         <run_address>0xa659</run_address>
         <size>0xc6</size>
         <input_file_ref idref="fl-2"/>
      </object_component>
      <object_component id="oc-29e">
         <name>.debug_info</name>
         <load_address>0xa71f</load_address>
         <run_address>0xa71f</run_address>
         <size>0x341</size>
         <input_file_ref idref="fl-2"/>
      </object_component>
      <object_component id="oc-d6">
         <name>.debug_info</name>
         <load_address>0xaa60</load_address>
         <run_address>0xaa60</run_address>
         <size>0x8b</size>
         <input_file_ref idref="fl-2"/>
      </object_component>
      <object_component id="oc-25e">
         <name>.debug_info</name>
         <load_address>0xaaeb</load_address>
         <run_address>0xaaeb</run_address>
         <size>0x65</size>
         <input_file_ref idref="fl-2"/>
      </object_component>
      <object_component id="oc-2ad">
         <name>.debug_info</name>
         <load_address>0xab50</load_address>
         <run_address>0xab50</run_address>
         <size>0x46</size>
         <input_file_ref idref="fl-2"/>
      </object_component>
      <object_component id="oc-222">
         <name>.debug_info</name>
         <load_address>0xab96</load_address>
         <run_address>0xab96</run_address>
         <size>0x2a4</size>
         <input_file_ref idref="fl-2"/>
      </object_component>
      <object_component id="oc-161">
         <name>.debug_info</name>
         <load_address>0xae3a</load_address>
         <run_address>0xae3a</run_address>
         <size>0xef</size>
         <input_file_ref idref="fl-2"/>
      </object_component>
      <object_component id="oc-166">
         <name>.debug_info</name>
         <load_address>0xaf29</load_address>
         <run_address>0xaf29</run_address>
         <size>0xbb</size>
         <input_file_ref idref="fl-2"/>
      </object_component>
      <object_component id="oc-420">
         <name>.debug_info</name>
         <load_address>0xafe4</load_address>
         <run_address>0xafe4</run_address>
         <size>0x2c</size>
         <input_file_ref idref="fl-2"/>
      </object_component>
      <object_component id="oc-113">
         <name>.debug_info</name>
         <load_address>0xb010</load_address>
         <run_address>0xb010</run_address>
         <size>0x2c</size>
         <input_file_ref idref="fl-2"/>
      </object_component>
      <object_component id="oc-283">
         <name>.debug_info</name>
         <load_address>0xb03c</load_address>
         <run_address>0xb03c</run_address>
         <size>0x2c</size>
         <input_file_ref idref="fl-2"/>
      </object_component>
      <object_component id="oc-1fa">
         <name>.debug_info</name>
         <load_address>0xb068</load_address>
         <run_address>0xb068</run_address>
         <size>0x35</size>
         <input_file_ref idref="fl-2"/>
      </object_component>
      <object_component id="oc-7c">
         <name>.debug_info</name>
         <load_address>0xb09d</load_address>
         <run_address>0xb09d</run_address>
         <size>0x31c</size>
         <input_file_ref idref="fl-3"/>
      </object_component>
      <object_component id="oc-25">
         <name>.debug_info</name>
         <load_address>0xb3b9</load_address>
         <run_address>0xb3b9</run_address>
         <size>0xf3</size>
         <input_file_ref idref="fl-3"/>
      </object_component>
      <object_component id="oc-69">
         <name>.debug_info</name>
         <load_address>0xb4ac</load_address>
         <run_address>0xb4ac</run_address>
         <size>0x25a</size>
         <input_file_ref idref="fl-3"/>
      </object_component>
      <object_component id="oc-33">
         <name>.debug_info</name>
         <load_address>0xb706</load_address>
         <run_address>0xb706</run_address>
         <size>0x84</size>
         <input_file_ref idref="fl-3"/>
      </object_component>
      <object_component id="oc-383">
         <name>.debug_info</name>
         <load_address>0xb78a</load_address>
         <run_address>0xb78a</run_address>
         <size>0x535</size>
         <input_file_ref idref="fl-4"/>
      </object_component>
      <object_component id="oc-1be">
         <name>.debug_info</name>
         <load_address>0xbcbf</load_address>
         <run_address>0xbcbf</run_address>
         <size>0xec</size>
         <input_file_ref idref="fl-4"/>
      </object_component>
      <object_component id="oc-b7">
         <name>.debug_info</name>
         <load_address>0xbdab</load_address>
         <run_address>0xbdab</run_address>
         <size>0x25e</size>
         <input_file_ref idref="fl-4"/>
      </object_component>
      <object_component id="oc-1f0">
         <name>.debug_info</name>
         <load_address>0xc009</load_address>
         <run_address>0xc009</run_address>
         <size>0x37e2</size>
         <input_file_ref idref="fl-4"/>
      </object_component>
      <object_component id="oc-f1">
         <name>.debug_info</name>
         <load_address>0xf7eb</load_address>
         <run_address>0xf7eb</run_address>
         <size>0xa2b</size>
         <input_file_ref idref="fl-5"/>
      </object_component>
      <object_component id="oc-ee">
         <name>.debug_info</name>
         <load_address>0x10216</load_address>
         <run_address>0x10216</run_address>
         <size>0xe7</size>
         <input_file_ref idref="fl-5"/>
      </object_component>
      <object_component id="oc-77">
         <name>.debug_info</name>
         <load_address>0x102fd</load_address>
         <run_address>0x102fd</run_address>
         <size>0xb18</size>
         <input_file_ref idref="fl-5"/>
      </object_component>
      <object_component id="oc-d0">
         <name>.debug_info</name>
         <load_address>0x10e15</load_address>
         <run_address>0x10e15</run_address>
         <size>0x68e</size>
         <input_file_ref idref="fl-6"/>
      </object_component>
      <object_component id="oc-d3">
         <name>.debug_info</name>
         <load_address>0x114a3</load_address>
         <run_address>0x114a3</run_address>
         <size>0xe5</size>
         <input_file_ref idref="fl-6"/>
      </object_component>
      <object_component id="oc-6f">
         <name>.debug_info</name>
         <load_address>0x11588</load_address>
         <run_address>0x11588</run_address>
         <size>0x36c</size>
         <input_file_ref idref="fl-6"/>
      </object_component>
      <object_component id="oc-1c2">
         <name>.debug_info</name>
         <load_address>0x118f4</load_address>
         <run_address>0x118f4</run_address>
         <size>0x3c2</size>
         <input_file_ref idref="fl-a"/>
      </object_component>
      <object_component id="oc-213">
         <name>.debug_info</name>
         <load_address>0x11cb6</load_address>
         <run_address>0x11cb6</run_address>
         <size>0x781</size>
         <input_file_ref idref="fl-c"/>
      </object_component>
      <object_component id="oc-20a">
         <name>.debug_info</name>
         <load_address>0x12437</load_address>
         <run_address>0x12437</run_address>
         <size>0x102</size>
         <input_file_ref idref="fl-c"/>
      </object_component>
      <object_component id="oc-e2">
         <name>.debug_info</name>
         <load_address>0x12539</load_address>
         <run_address>0x12539</run_address>
         <size>0x22dc</size>
         <input_file_ref idref="fl-c"/>
      </object_component>
      <object_component id="oc-218">
         <name>.debug_info</name>
         <load_address>0x14815</load_address>
         <run_address>0x14815</run_address>
         <size>0x79f</size>
         <input_file_ref idref="fl-e"/>
      </object_component>
      <object_component id="oc-215">
         <name>.debug_info</name>
         <load_address>0x14fb4</load_address>
         <run_address>0x14fb4</run_address>
         <size>0xff</size>
         <input_file_ref idref="fl-e"/>
      </object_component>
      <object_component id="oc-eb">
         <name>.debug_info</name>
         <load_address>0x150b3</load_address>
         <run_address>0x150b3</run_address>
         <size>0x3bd1</size>
         <input_file_ref idref="fl-e"/>
      </object_component>
      <object_component id="oc-208">
         <name>.debug_info</name>
         <load_address>0x18c84</load_address>
         <run_address>0x18c84</run_address>
         <size>0x68a</size>
         <input_file_ref idref="fl-10"/>
      </object_component>
      <object_component id="oc-205">
         <name>.debug_info</name>
         <load_address>0x1930e</load_address>
         <run_address>0x1930e</run_address>
         <size>0xf4</size>
         <input_file_ref idref="fl-10"/>
      </object_component>
      <object_component id="oc-202">
         <name>.debug_info</name>
         <load_address>0x19402</load_address>
         <run_address>0x19402</run_address>
         <size>0xf6</size>
         <input_file_ref idref="fl-10"/>
      </object_component>
      <object_component id="oc-de">
         <name>.debug_info</name>
         <load_address>0x194f8</load_address>
         <run_address>0x194f8</run_address>
         <size>0x19f7</size>
         <input_file_ref idref="fl-10"/>
      </object_component>
      <object_component id="oc-1dd">
         <name>.debug_info</name>
         <load_address>0x1aeef</load_address>
         <run_address>0x1aeef</run_address>
         <size>0x618</size>
         <input_file_ref idref="fl-12"/>
      </object_component>
      <object_component id="oc-1cb">
         <name>.debug_info</name>
         <load_address>0x1b507</load_address>
         <run_address>0x1b507</run_address>
         <size>0xf3</size>
         <input_file_ref idref="fl-12"/>
      </object_component>
      <object_component id="oc-1ce">
         <name>.debug_info</name>
         <load_address>0x1b5fa</load_address>
         <run_address>0x1b5fa</run_address>
         <size>0xeb</size>
         <input_file_ref idref="fl-12"/>
      </object_component>
      <object_component id="oc-1d1">
         <name>.debug_info</name>
         <load_address>0x1b6e5</load_address>
         <run_address>0x1b6e5</run_address>
         <size>0xef</size>
         <input_file_ref idref="fl-12"/>
      </object_component>
      <object_component id="oc-1d4">
         <name>.debug_info</name>
         <load_address>0x1b7d4</load_address>
         <run_address>0x1b7d4</run_address>
         <size>0xf1</size>
         <input_file_ref idref="fl-12"/>
      </object_component>
      <object_component id="oc-1d7">
         <name>.debug_info</name>
         <load_address>0x1b8c5</load_address>
         <run_address>0x1b8c5</run_address>
         <size>0xf3</size>
         <input_file_ref idref="fl-12"/>
      </object_component>
      <object_component id="oc-1da">
         <name>.debug_info</name>
         <load_address>0x1b9b8</load_address>
         <run_address>0x1b9b8</run_address>
         <size>0xf7</size>
         <input_file_ref idref="fl-12"/>
      </object_component>
      <object_component id="oc-1c8">
         <name>.debug_info</name>
         <load_address>0x1baaf</load_address>
         <run_address>0x1baaf</run_address>
         <size>0xf8</size>
         <input_file_ref idref="fl-12"/>
      </object_component>
      <object_component id="oc-be">
         <name>.debug_info</name>
         <load_address>0x1bba7</load_address>
         <run_address>0x1bba7</run_address>
         <size>0x119b</size>
         <input_file_ref idref="fl-12"/>
      </object_component>
      <object_component id="oc-1eb">
         <name>.debug_info</name>
         <load_address>0x1cd42</load_address>
         <run_address>0x1cd42</run_address>
         <size>0x73c</size>
         <input_file_ref idref="fl-14"/>
      </object_component>
      <object_component id="oc-c4">
         <name>.debug_info</name>
         <load_address>0x1d47e</load_address>
         <run_address>0x1d47e</run_address>
         <size>0x238a</size>
         <input_file_ref idref="fl-14"/>
      </object_component>
      <object_component id="oc-379">
         <name>.debug_info</name>
         <load_address>0x1f808</load_address>
         <run_address>0x1f808</run_address>
         <size>0x675</size>
         <input_file_ref idref="fl-19"/>
      </object_component>
      <object_component id="oc-1e6">
         <name>.debug_info</name>
         <load_address>0x1fe7d</load_address>
         <run_address>0x1fe7d</run_address>
         <size>0x146c</size>
         <input_file_ref idref="fl-19"/>
      </object_component>
      <object_component id="oc-38d">
         <name>.debug_info</name>
         <load_address>0x212e9</load_address>
         <run_address>0x212e9</run_address>
         <size>0x550</size>
         <input_file_ref idref="fl-1b"/>
      </object_component>
      <object_component id="oc-20d">
         <name>.debug_info</name>
         <load_address>0x21839</load_address>
         <run_address>0x21839</run_address>
         <size>0xe9a</size>
         <input_file_ref idref="fl-1b"/>
      </object_component>
      <object_component id="oc-377">
         <name>.debug_info</name>
         <load_address>0x226d3</load_address>
         <run_address>0x226d3</run_address>
         <size>0x718</size>
         <input_file_ref idref="fl-20"/>
      </object_component>
      <object_component id="oc-1df">
         <name>.debug_info</name>
         <load_address>0x22deb</load_address>
         <run_address>0x22deb</run_address>
         <size>0x8aa</size>
         <input_file_ref idref="fl-20"/>
      </object_component>
      <object_component id="oc-2ca">
         <name>.debug_info</name>
         <load_address>0x23695</load_address>
         <run_address>0x23695</run_address>
         <size>0xb49</size>
         <input_file_ref idref="fl-27"/>
      </object_component>
      <object_component id="oc-2bb">
         <name>.debug_info</name>
         <load_address>0x241de</load_address>
         <run_address>0x241de</run_address>
         <size>0xf0</size>
         <input_file_ref idref="fl-27"/>
      </object_component>
      <object_component id="oc-2be">
         <name>.debug_info</name>
         <load_address>0x242ce</load_address>
         <run_address>0x242ce</run_address>
         <size>0x101</size>
         <input_file_ref idref="fl-27"/>
      </object_component>
      <object_component id="oc-2c1">
         <name>.debug_info</name>
         <load_address>0x243cf</load_address>
         <run_address>0x243cf</run_address>
         <size>0x101</size>
         <input_file_ref idref="fl-27"/>
      </object_component>
      <object_component id="oc-2c4">
[...]
         <object_component_ref idref="oc-13e"/>
      </symbol>
      <symbol id="sm-d92">
         <name>sl_Accept</name>
         <value>0x3f1d</value>
         <object_component_ref idref="oc-11c"/>
      </symbol>
      <symbol id="sm-d93">
         <name>sl_Recv</name>
         <value>0x41b9</value>
         <object_component_ref idref="oc-11c"/>
      </symbol>
      <symbol id="sm-d94">
         <name>SL_FD_ZERO</name>
         <value>0x4531</value>
         <object_component_ref idref="oc-11c"/>
      </symbol>
      <symbol id="sm-d95">
         <name>_SlSockCloseCmdCtrl</name>
         <value>0xc314</value>
         <object_component_ref idref="oc-230"/>
      </symbol>
      <symbol id="sm-d96">
         <name>SL_FD_SET</name>
         <value>0x44c1</value>
         <object_component_ref idref="oc-11c"/>
      </symbol>
      <symbol id="sm-d97">
         <name>_SlSendCmdCtrl</name>
         <value>0xc308</value>
         <object_component_ref idref="oc-242"/>
      </symbol>
      <symbol id="sm-d98">
         <name>sl_SendTo</name>
         <value>0x3987</value>
         <object_component_ref idref="oc-11c"/>
      </symbol>
      <symbol id="sm-d99">
         <name>_sl_BuildAddress</name>
         <value>0x370d</value>
         <object_component_ref idref="oc-11c"/>
      </symbol>
      <symbol id="sm-d9a">
         <name>sl_Send</name>
         <value>0x3dcd</value>
         <object_component_ref idref="oc-11c"/>
      </symbol>
      <symbol id="sm-d9b">
         <name>_sl_HandleAsync_Connect</name>
         <value>0x3d1b</value>
         <object_component_ref idref="oc-11c"/>
      </symbol>
      <symbol id="sm-d9c">
         <name>sl_Htonl</name>
         <value>0x409f</value>
         <object_component_ref idref="oc-11c"/>
      </symbol>
      <symbol id="sm-d9d">
         <name>sl_Htons</name>
         <value>0x40e1</value>
         <object_component_ref idref="oc-11c"/>
      </symbol>
      <symbol id="sm-d9e">
         <name>_SlSelectCmdCtrl</name>
         <value>0xc304</value>
         <object_component_ref idref="oc-254"/>
      </symbol>
      <symbol id="sm-d9f">
         <name>sl_Connect</name>
         <value>0x3bc5</value>
         <object_component_ref idref="oc-11c"/>
      </symbol>
      <symbol id="sm-da0">
         <name>sl_Socket</name>
         <value>0x387f</value>
         <object_component_ref idref="oc-11c"/>
      </symbol>
      <symbol id="sm-da1">
         <name>sl_Select</name>
         <value>0x433b</value>
         <object_component_ref idref="oc-11c"/>
      </symbol>
      <symbol id="sm-da2">
         <name>_sl_HandleAsync_Select</name>
         <value>0x4549</value>
         <object_component_ref idref="oc-11c"/>
      </symbol>
      <symbol id="sm-da3">
         <name>sl_RecvFrom</name>
         <value>0x3aa3</value>
         <object_component_ref idref="oc-11c"/>
      </symbol>
      <symbol id="sm-da4">
         <name>_SlSockSocketCmdCtrl</name>
         <value>0xc318</value>
         <object_component_ref idref="oc-22d"/>
      </symbol>
      <symbol id="sm-da5">
         <name>_SlRecvfomCmdCtrl</name>
         <value>0xc2f0</value>
         <object_component_ref idref="oc-239"/>
      </symbol>
      <symbol id="sm-da6">
         <name>_SlSetSockOptCmdCtrl</name>
         <value>0xc30c</value>
         <object_component_ref idref="oc-24e"/>
      </symbol>
      <symbol id="sm-da7">
         <name>_SlAcceptCmdCtrl</name>
         <value>0xc298</value>
         <object_component_ref idref="oc-248"/>
      </symbol>
      <symbol id="sm-da8">
         <name>_SlListenCmdCtrl</name>
         <value>0xc2bc</value>
         <object_component_ref idref="oc-245"/>
      </symbol>
      <symbol id="sm-da9">
         <name>_SlRecvCmdCtrl</name>
         <value>0xc2ec</value>
         <object_component_ref idref="oc-24b"/>
      </symbol>
      <symbol id="sm-daa">
         <name>SL_FD_CLR</name>
         <value>0x44e3</value>
         <object_component_ref idref="oc-11c"/>
      </symbol>
      <symbol id="sm-dab">
         <name>_SlGetSockOptCmdCtrl</name>
         <value>0xc2b8</value>
         <object_component_ref idref="oc-251"/>
      </symbol>
      <symbol id="sm-dac">
         <name>_sl_TruncatePayloadByProtocol</name>
         <value>0x375d</value>
         <object_component_ref idref="oc-11c"/>
      </symbol>
      <symbol id="sm-dad">
         <name>sl_Close</name>
         <value>0x38d5</value>
         <object_component_ref idref="oc-11c"/>
      </symbol>
      <symbol id="sm-dae">
         <name>_sl_HandleAsync_Accept</name>
         <value>0x4121</value>
         <object_component_ref idref="oc-11c"/>
      </symbol>
      <symbol id="sm-daf">
         <name>sl_GetSockOpt</name>
         <value>0x42a1</value>
         <object_component_ref idref="oc-11c"/>
      </symbol>
      <symbol id="sm-db0">
         <name>sl_SetSockOpt</name>
         <value>0x4235</value>
         <object_component_ref idref="oc-11c"/>
      </symbol>
      <symbol id="sm-db1">
         <name>_sl_ParseAddress</name>
         <value>0x3825</value>
         <object_component_ref idref="oc-11c"/>
      </symbol>
      <symbol id="sm-db2">
         <name>sl_Listen</name>
         <value>0x3edd</value>
         <object_component_ref idref="oc-11c"/>
      </symbol>
      <symbol id="sm-db3">
         <name>SL_FD_ISSET</name>
         <value>0x4509</value>
         <object_component_ref idref="oc-11c"/>
      </symbol>
      <symbol id="sm-db4">
         <name>sl_Bind</name>
         <value>0x38ff</value>
         <object_component_ref idref="oc-11c"/>
      </symbol>
      <symbol id="sm-eb9">
         <name>sl_WlanSmartConfigStop</name>
         <value>0x7405</value>
         <object_component_ref idref="oc-144"/>
      </symbol>
      <symbol id="sm-eba">
         <name>sl_WlanProfileAdd</name>
         <value>0x6e8d</value>
         <object_component_ref idref="oc-144"/>
      </symbol>
      <symbol id="sm-ebb">
         <name>sl_WlanDisconnect</name>
         <value>0x6d75</value>
         <object_component_ref idref="oc-144"/>
      </symbol>
      <symbol id="sm-ebc">
         <name>_SlPolicyGetCmdCtrl</name>
         <value>0xc2dc</value>
         <object_component_ref idref="oc-2dd"/>
      </symbol>
      <symbol id="sm-ebd">
         <name>_SlPolicySetCmdCtrl</name>
         <value>0xc2e0</value>
         <object_component_ref idref="oc-2da"/>
      </symbol>
      <symbol id="sm-ebe">
         <name>_SlRxFilterGetCmdCtrl</name>
         <value>0xc2fc</value>
         <object_component_ref idref="oc-2f2"/>
      </symbol>
      <symbol id="sm-ebf">
         <name>_SlRxFilterSetCmdCtrl</name>
         <value>0xc300</value>
         <object_component_ref idref="oc-2ef"/>
      </symbol>
      <symbol id="sm-ec0">
         <name>sl_WlanRxFilterGet</name>
         <value>0x7341</value>
         <object_component_ref idref="oc-144"/>
      </symbol>
      <symbol id="sm-ec1">
         <name>_SlProfileGetCmdCtrl</name>
         <value>0xc2e8</value>
         <object_component_ref idref="oc-2e3"/>
      </symbol>
      <symbol id="sm-ec2">
         <name>sl_WlanRxStatGet</name>
         <value>0x73cf</value>
         <object_component_ref idref="oc-144"/>
      </symbol>
      <symbol id="sm-ec3">
         <name>_SlWlanGetNetworkListCtrl</name>
         <value>0xc328</value>
         <object_component_ref idref="oc-2e9"/>
      </symbol>
      <symbol id="sm-ec4">
         <name>sl_WlanPolicySet</name>
         <value>0x6d81</value>
         <object_component_ref idref="oc-144"/>
      </symbol>
      <symbol id="sm-ec5">
         <name>_SlProfileDelCmdCtrl</name>
         <value>0xc2e4</value>
         <object_component_ref idref="oc-2e6"/>
      </symbol>
      <symbol id="sm-ec6">
         <name>sl_WlanRxStatStart</name>
         <value>0x73b7</value>
         <object_component_ref idref="oc-144"/>
      </symbol>
      <symbol id="sm-ec7">
         <name>sl_WlanProfileGet</name>
         <value>0x70fd</value>
         <object_component_ref idref="oc-144"/>
      </symbol>
      <symbol id="sm-ec8">
         <name>_SlWlanSetModeCmdCtrl</name>
         <value>0xc32c</value>
         <object_component_ref idref="oc-2fb"/>
      </symbol>
      <symbol id="sm-ec9">
         <name>sl_WlanPolicyGet</name>
         <value>0x6de9</value>
         <object_component_ref idref="oc-144"/>
      </symbol>
      <symbol id="sm-eca">
         <name>_SlWlanCfgSetCmdCtrl</name>
         <value>0xc324</value>
         <object_component_ref idref="oc-2fe"/>
      </symbol>
      <symbol id="sm-ecb">
         <name>_SlWlanCfgGetCmdCtrl</name>
         <value>0xc320</value>
         <object_component_ref idref="oc-301"/>
      </symbol>
      <symbol id="sm-ecc">
         <name>sl_WlanGet</name>
         <value>0x7545</value>
         <object_component_ref idref="oc-144"/>
      </symbol>
      <symbol id="sm-ecd">
         <name>sl_WlanRxStatStop</name>
         <value>0x73c3</value>
         <object_component_ref idref="oc-144"/>
      </symbol>
      <symbol id="sm-ece">
         <name>sl_WlanSmartConfigStart</name>
         <value>0x7415</value>
         <object_component_ref idref="oc-144"/>
      </symbol>
      <symbol id="sm-ecf">
         <name>sl_WlanRxFilterAdd</name>
         <value>0x727f</value>
         <object_component_ref idref="oc-144"/>
      </symbol>
      <symbol id="sm-ed0">
         <name>sl_WlanProfileDel</name>
         <value>0x71df</value>
         <object_component_ref idref="oc-144"/>
      </symbol>
      <symbol id="sm-ed1">
         <name>_SlRxFilterAddtCmdCtrl</name>
         <value>0xc2f8</value>
         <object_component_ref idref="oc-2ec"/>
      </symbol>
      <symbol id="sm-ed2">
         <name>sl_WlanRxFilterSet</name>
         <value>0x72ed</value>
         <object_component_ref idref="oc-144"/>
      </symbol>
      <symbol id="sm-ed3">
         <name>sl_WlanConnect</name>
         <value>0x6b3d</value>
         <object_component_ref idref="oc-144"/>
      </symbol>
      <symbol id="sm-ed4">
         <name>sl_WlanSet</name>
         <value>0x74d1</value>
         <object_component_ref idref="oc-144"/>
      </symbol>
      <symbol id="sm-ed5">
         <name>_SlSmartConfigStartCmdCtrl</name>
         <value>0xc310</value>
         <object_component_ref idref="oc-2f8"/>
      </symbol>
      <symbol id="sm-ed6">
         <name>sl_WlanGetNetworkList</name>
         <value>0x720d</value>
         <object_component_ref idref="oc-144"/>
      </symbol>
      <symbol id="sm-ed7">
         <name>sl_WlanSetMode</name>
         <value>0x74a1</value>
         <object_component_ref idref="oc-144"/>
      </symbol>
      <symbol id="sm-f04">
         <name>spi_Read</name>
         <value>0xa829</value>
         <object_component_ref idref="oc-2b4"/>
      </symbol>
      <symbol id="sm-f05">
         <name>spi_Close</name>
         <value>0xa6d1</value>
         <object_component_ref idref="oc-2b4"/>
      </symbol>
      <symbol id="sm-f06">
         <name>spi_Write</name>
         <value>0xa7cf</value>
         <object_component_ref idref="oc-2b4"/>
      </symbol>
      <symbol id="sm-f07">
         <name>spi_Open</name>
         <value>0xa6dd</value>
         <object_component_ref idref="oc-2b4"/>
      </symbol>
      <symbol id="sm-f2f">
         <name>sprintf</name>
         <value>0xbd8d</value>
         <object_component_ref idref="oc-128"/>
      </symbol>
      <symbol id="sm-f4a">
         <name>memcpy</name>
         <value>0xb747</value>
         <object_component_ref idref="oc-38"/>
      </symbol>
      <symbol id="sm-f4b">
         <name>__aeabi_memcpy</name>
         <value>0xb747</value>
         <object_component_ref idref="oc-38"/>
      </symbol>
      <symbol id="sm-f4c">
         <name>__aeabi_memcpy8</name>
         <value>0xb747</value>
         <object_component_ref idref="oc-38"/>
      </symbol>
      <symbol id="sm-f4d">
         <name>__aeabi_memcpy4</name>
         <value>0xb747</value>
         <object_component_ref idref="oc-38"/>
      </symbol>
      <symbol id="sm-f5c">
         <name>__aeabi_memset</name>
         <value>0xba07</value>
         <object_component_ref idref="oc-98"/>
      </symbol>
      <symbol id="sm-f5d">
         <name>memset</name>
         <value>0xba0d</value>
         <object_component_ref idref="oc-98"/>
      </symbol>
      <symbol id="sm-f5e">
         <name>__aeabi_memset8</name>
         <value>0xba07</value>
         <object_component_ref idref="oc-98"/>
      </symbol>
      <symbol id="sm-f5f">
         <name>__aeabi_memset4</name>
         <value>0xba07</value>
         <object_component_ref idref="oc-98"/>
      </symbol>
      <symbol id="sm-f60">
         <name>__aeabi_memclr8</name>
         <value>0xba05</value>
         <object_component_ref idref="oc-98"/>
      </symbol>
      <symbol id="sm-f61">
         <name>__aeabi_memclr4</name>
         <value>0xba05</value>
         <object_component_ref idref="oc-98"/>
      </symbol>
      <symbol id="sm-f62">
         <name>__aeabi_memclr</name>
         <value>0xba05</value>
         <object_component_ref idref="oc-98"/>
      </symbol>
      <symbol id="sm-f74">
         <name>__TI_zero_init</name>
         <value>0xbf55</value>
         <object_component_ref idref="oc-4a"/>
      </symbol>
      <symbol id="sm-f8b">
         <name>__TI_decompress_none</name>
         <value>0xbf47</value>
         <object_component_ref idref="oc-1b"/>
      </symbol>
      <symbol id="sm-fae">
         <name>__TI_decompress_lzss</name>
         <value>0xbaed</value>
         <object_component_ref idref="oc-15"/>
      </symbol>
      <symbol id="sm-fb9">
         <name>C$$EXIT</name>
         <value>0xbf81</value>
         <object_component_ref idref="oc-17f"/>
      </symbol>
      <symbol id="sm-fba">
         <name>abort</name>
         <value>0xbf81</value>
         <object_component_ref idref="oc-17f"/>
      </symbol>
      <symbol id="sm-fd1">
         <name>atoi</name>
         <value>0xbcb5</value>
         <object_component_ref idref="oc-3d4"/>
      </symbol>
      <symbol id="sm-fde">
         <name>bzero</name>
         <value>0xbf75</value>
         <object_component_ref idref="oc-122"/>
      </symbol>
      <symbol id="sm-fe9">
         <name>_ctypes_</name>
         <value>0xbf84</value>
         <object_component_ref idref="oc-4b5"/>
      </symbol>
      <symbol id="sm-ffe">
         <name>_sys_memory</name>
         <value>0x200008d8</value>
         <object_component_ref idref="oc-27"/>
      </symbol>
      <symbol id="sm-100f">
         <name>strchr</name>
         <value>0xbef9</value>
         <object_component_ref idref="oc-50c"/>
      </symbol>
      <symbol id="sm-101f">
         <name>strlen</name>
         <value>0xbf0f</value>
         <object_component_ref idref="oc-c9"/>
      </symbol>
      <symbol id="sm-1036">
         <name>__aeabi_errno_addr</name>
         <value>0xbf6d</value>
         <object_component_ref idref="oc-409"/>
      </symbol>
      <symbol id="sm-1037">
         <name>errno</name>
         <value>0x20000d64</value>
         <object_component_ref idref="oc-51c"/>
      </symbol>
      <symbol id="sm-104a">
         <name>__stack</name>
         <value>0x2000fe00</value>
         <object_component_ref idref="oc-2a"/>
      </symbol>
      <symbol id="sm-104b">
         <name>_c_int00_noargs</name>
         <value>0xbe49</value>
         <object_component_ref idref="oc-56"/>
      </symbol>
      <symbol id="sm-11b0">
         <name>__TI_printfi</name>
         <value>0x75fd</value>
         <object_component_ref idref="oc-26f"/>
      </symbol>
      <symbol id="sm-11c7">
         <name>__aeabi_dsub</name>
         <value>0xaab5</value>
         <object_component_ref idref="oc-4e0"/>
      </symbol>
      <symbol id="sm-11c8">
         <name>__aeabi_dadd</name>
         <value>0xaabf</value>
         <object_component_ref idref="oc-4e0"/>
      </symbol>
      <symbol id="sm-11ea">
         <name>__aeabi_cdcmpeq</name>
         <value>0xb879</value>
         <object_component_ref idref="oc-3e0"/>
      </symbol>
      <symbol id="sm-11eb">
         <name>__aeabi_cdcmple</name>
         <value>0xb879</value>
         <object_component_ref idref="oc-3e0"/>
      </symbol>
      <symbol id="sm-11ec">
         <name>__aeabi_cdrcmple</name>
         <value>0xb8ff</value>
         <object_component_ref idref="oc-4cb"/>
      </symbol>
      <symbol id="sm-1200">
         <name>__aeabi_ddiv</name>
         <value>0xaf15</value>
         <object_component_ref idref="oc-4c6"/>
      </symbol>
      <symbol id="sm-120b">
         <name>__aeabi_dmul</name>
         <value>0xb4c1</value>
         <object_component_ref idref="oc-4c1"/>
      </symbol>
      <symbol id="sm-1215">
         <name>__aeabi_d2iz</name>
         <value>0xbd01</value>
         <object_component_ref idref="oc-4d0"/>
      </symbol>
      <symbol id="sm-121f">
         <name>__aeabi_i2d</name>
         <value>0xbe7d</value>
         <object_component_ref idref="oc-4db"/>
      </symbol>
      <symbol id="sm-122c">
         <name>__aeabi_uldivmod</name>
         <value>0xb7e3</value>
         <object_component_ref idref="oc-4ba"/>
      </symbol>
      <symbol id="sm-1254">
         <name>__TI_auto_init_nobinit_nopinit</name>
         <value>0xbd49</value>
         <object_component_ref idref="oc-18b"/>
      </symbol>
      <symbol id="sm-125e">
         <name>_system_pre_init</name>
         <value>0xbf7d</value>
         <object_component_ref idref="oc-9e"/>
      </symbol>
      <symbol id="sm-126e">
         <name>__TI_ltoa</name>
         <value>0xbc0f</value>
         <object_component_ref idref="oc-4d5"/>
      </symbol>
      <symbol id="sm-127f">
         <name>memccpy</name>
         <value>0xbeab</value>
         <object_component_ref idref="oc-3fd"/>
      </symbol>
      <symbol id="sm-129f">
         <name>frexpl</name>
         <value>0xbb55</value>
         <object_component_ref idref="oc-500"/>
      </symbol>
      <symbol id="sm-12a0">
         <name>frexp</name>
         <value>0xbb55</value>
         <object_component_ref idref="oc-500"/>
      </symbol>
      <symbol id="sm-12bd">
         <name>scalbn</name>
         <value>0xb3b1</value>
         <object_component_ref idref="oc-506"/>
      </symbol>
      <symbol id="sm-12be">
         <name>scalbnl</name>
         <value>0xb3b1</value>
         <object_component_ref idref="oc-506"/>
      </symbol>
      <symbol id="sm-12bf">
         <name>ldexpl</name>
         <value>0xb3b1</value>
         <object_component_ref idref="oc-506"/>
      </symbol>
      <symbol id="sm-12c0">
         <name>ldexp</name>
         <value>0xb3b1</value>
         <object_component_ref idref="oc-506"/>
      </symbol>
      <symbol id="sm-12ca">
         <name>copysign</name>
         <value>0xbec7</value>
         <object_component_ref idref="oc-561"/>
      </symbol>
      <symbol id="sm-12cb">
         <name>copysignl</name>
         <value>0xbec7</value>
         <object_component_ref idref="oc-561"/>
      </symbol>
      <symbol id="sm-12e4">
         <name>wcslen</name>
         <value>0xbf35</value>
         <object_component_ref idref="oc-403"/>
      </symbol>
      <symbol id="sm-12ee">
         <name>__aeabi_idiv0</name>
         <value>0x804b</value>
         <object_component_ref idref="oc-548"/>
      </symbol>
      <symbol id="sm-12ef">
         <name>__aeabi_ldiv0</name>
         <value>0x804b</value>
         <object_component_ref idref="oc-548"/>
      </symbol>
      <symbol id="sm-12f0">
         <name>__TI_static_base__</name>
         <value>0x0</value>
      </symbol>
      <symbol id="sm-12f3">
         <name>__mpu_init</name>
         <value>0x0</value>
      </symbol>
      <symbol id="sm-12f4">
         <name>_system_post_cinit</name>
         <value>0x0</value>
      </symbol>
   </symbol_table>
   <title>Link successful</title>
</link_info>
